-- Logs begin at Sun 2016-01-03 11:50:27 GMT, end at Sun 2016-01-03 12:03:08 GMT. --
Jan 03 11:50:27 quatermain kernel: Initializing cgroup subsys cpuset
Jan 03 11:50:27 quatermain kernel: Initializing cgroup subsys cpu
Jan 03 11:50:27 quatermain kernel: Initializing cgroup subsys cpuacct
Jan 03 11:50:27 quatermain kernel: Linux version 4.3.3-mssp4 (root@quatermain) (gcc version 4.9.2 (Debian 4.9.2-10) ) #6 SMP Sun Jan 3 10:41:28 GMT 2016
Jan 03 11:50:27 quatermain kernel: Command line: BOOT_IMAGE=/vmlinuz-4.3.3-mssp4 root=/dev/mapper/lvm--quatermain-root ro resume=/dev/mapper/lvm--quatermain-swap i915.preliminary_hw_support=1 intel_idle.max_cstate=2 quiet
Jan 03 11:50:27 quatermain kernel: x86/fpu: xstate_offset[2]: 0240, xstate_sizes[2]: 0100
Jan 03 11:50:27 quatermain kernel: x86/fpu: xstate_offset[3]: 03c0, xstate_sizes[3]: 0040
Jan 03 11:50:27 quatermain kernel: x86/fpu: xstate_offset[4]: 0400, xstate_sizes[4]: 0040
Jan 03 11:50:27 quatermain kernel: x86/fpu: Supporting XSAVE feature 0x01: 'x87 floating point registers'
Jan 03 11:50:27 quatermain kernel: x86/fpu: Supporting XSAVE feature 0x02: 'SSE registers'
Jan 03 11:50:27 quatermain kernel: x86/fpu: Supporting XSAVE feature 0x04: 'AVX registers'
Jan 03 11:50:27 quatermain kernel: x86/fpu: Supporting XSAVE feature 0x08: 'MPX bounds registers'
Jan 03 11:50:27 quatermain kernel: x86/fpu: Supporting XSAVE feature 0x10: 'MPX CSR'
Jan 03 11:50:27 quatermain kernel: x86/fpu: Enabled xstate features 0x1f, context size is 0x440 bytes, using 'standard' format.
Jan 03 11:50:27 quatermain kernel: x86/fpu: Using 'eager' FPU context switches.
Jan 03 11:50:27 quatermain kernel: e820: BIOS-provided physical RAM map:
Jan 03 11:50:27 quatermain kernel: BIOS-e820: [mem 0x0000000000000000-0x0000000000057fff] usable
Jan 03 11:50:27 quatermain kernel: BIOS-e820: [mem 0x0000000000058000-0x0000000000058fff] reserved
Jan 03 11:50:27 quatermain kernel: BIOS-e820: [mem 0x0000000000059000-0x000000000009dfff] usable
Jan 03 11:50:27 quatermain kernel: BIOS-e820: [mem 0x000000000009e000-0x00000000000fffff] reserved
Jan 03 11:50:27 quatermain kernel: BIOS-e820: [mem 0x0000000000100000-0x00000000873d2fff] usable
Jan 03 11:50:27 quatermain kernel: BIOS-e820: [mem 0x00000000873d3000-0x00000000873d3fff] ACPI NVS
Jan 03 11:50:27 quatermain kernel: BIOS-e820: [mem 0x00000000873d4000-0x00000000873fdfff] reserved
Jan 03 11:50:27 quatermain kernel: BIOS-e820: [mem 0x00000000873fe000-0x000000008bc86fff] usable
Jan 03 11:50:27 quatermain kernel: BIOS-e820: [mem 0x000000008bc87000-0x000000008bcabfff] type 20
Jan 03 11:50:27 quatermain kernel: BIOS-e820: [mem 0x000000008bcac000-0x000000008bf92fff] reserved
Jan 03 11:50:27 quatermain kernel: BIOS-e820: [mem 0x000000008bf93000-0x000000008bfc4fff] ACPI NVS
Jan 03 11:50:27 quatermain kernel: BIOS-e820: [mem 0x000000008bfc5000-0x000000008bffefff] ACPI data
Jan 03 11:50:27 quatermain kernel: BIOS-e820: [mem 0x000000008bfff000-0x000000008bffffff] usable
Jan 03 11:50:27 quatermain kernel: BIOS-e820: [mem 0x000000008c000000-0x000000008f7fffff] reserved
Jan 03 11:50:27 quatermain kernel: BIOS-e820: [mem 0x00000000e00fa000-0x00000000e00fafff] reserved
Jan 03 11:50:27 quatermain kernel: BIOS-e820: [mem 0x00000000e00fd000-0x00000000e00fdfff] reserved
Jan 03 11:50:27 quatermain kernel: BIOS-e820: [mem 0x00000000fe000000-0x00000000fe010fff] reserved
Jan 03 11:50:27 quatermain kernel: BIOS-e820: [mem 0x0000000100000000-0x000000026f7fffff] usable
Jan 03 11:50:27 quatermain kernel: NX (Execute Disable) protection: active
Jan 03 11:50:27 quatermain kernel: efi: EFI v2.40 by MSFT
Jan 03 11:50:27 quatermain kernel: efi:  ACPI=0x8bffe000  ACPI 2.0=0x8bffe014  SMBIOS=0x8bcc8000  ESRT=0x8bcc5c18 
Jan 03 11:50:27 quatermain kernel: esrt: Reserving ESRT space from 0x000000008bcc5c18 to 0x000000008bcc5cf0.
Jan 03 11:50:27 quatermain kernel: SMBIOS 3.0 present.
Jan 03 11:50:27 quatermain kernel: DMI: Microsoft Corporation Surface Pro 4/Surface Pro 4, BIOS 103.873.768 11/09/2015
Jan 03 11:50:27 quatermain kernel: e820: update [mem 0x00000000-0x00000fff] usable ==> reserved
Jan 03 11:50:27 quatermain kernel: e820: remove [mem 0x000a0000-0x000fffff] usable
Jan 03 11:50:27 quatermain kernel: e820: last_pfn = 0x26f800 max_arch_pfn = 0x400000000
Jan 03 11:50:27 quatermain kernel: MTRR default type: write-back
Jan 03 11:50:27 quatermain kernel: MTRR fixed ranges enabled:
Jan 03 11:50:27 quatermain kernel:   00000-9FFFF write-back
Jan 03 11:50:27 quatermain kernel:   A0000-BFFFF uncachable
Jan 03 11:50:27 quatermain kernel:   C0000-FFFFF write-protect
Jan 03 11:50:27 quatermain kernel: MTRR variable ranges enabled:
Jan 03 11:50:27 quatermain kernel:   0 base 00C0000000 mask 7FC0000000 uncachable
Jan 03 11:50:27 quatermain kernel:   1 base 00A0000000 mask 7FE0000000 uncachable
Jan 03 11:50:27 quatermain kernel:   2 base 0090000000 mask 7FF0000000 uncachable
Jan 03 11:50:27 quatermain kernel:   3 base 008E000000 mask 7FFE000000 uncachable
Jan 03 11:50:27 quatermain kernel:   4 base 008D000000 mask 7FFF000000 uncachable
Jan 03 11:50:27 quatermain kernel:   5 disabled
Jan 03 11:50:27 quatermain kernel:   6 disabled
Jan 03 11:50:27 quatermain kernel:   7 disabled
Jan 03 11:50:27 quatermain kernel:   8 disabled
Jan 03 11:50:27 quatermain kernel:   9 disabled
Jan 03 11:50:27 quatermain kernel: x86/PAT: Configuration [0-7]: WB  WC  UC- UC  WB  WC  UC- WT  
Jan 03 11:50:27 quatermain kernel: e820: last_pfn = 0x8c000 max_arch_pfn = 0x400000000
Jan 03 11:50:27 quatermain kernel: Base memory trampoline at [ffff880000098000] 98000 size 24576
Jan 03 11:50:27 quatermain kernel: Using GB pages for direct mapping
Jan 03 11:50:27 quatermain kernel: init_memory_mapping: [mem 0x00000000-0x000fffff]
Jan 03 11:50:27 quatermain kernel:  [mem 0x00000000-0x000fffff] page 4k
Jan 03 11:50:27 quatermain kernel: BRK [0x01f3a000, 0x01f3afff] PGTABLE
Jan 03 11:50:27 quatermain kernel: BRK [0x01f3b000, 0x01f3bfff] PGTABLE
Jan 03 11:50:27 quatermain kernel: BRK [0x01f3c000, 0x01f3cfff] PGTABLE
Jan 03 11:50:27 quatermain kernel: init_memory_mapping: [mem 0x26f600000-0x26f7fffff]
Jan 03 11:50:27 quatermain kernel:  [mem 0x26f600000-0x26f7fffff] page 2M
Jan 03 11:50:27 quatermain kernel: BRK [0x01f3d000, 0x01f3dfff] PGTABLE
Jan 03 11:50:27 quatermain kernel: init_memory_mapping: [mem 0x260000000-0x26f5fffff]
Jan 03 11:50:27 quatermain kernel:  [mem 0x260000000-0x26f5fffff] page 2M
Jan 03 11:50:27 quatermain kernel: init_memory_mapping: [mem 0x240000000-0x25fffffff]
Jan 03 11:50:27 quatermain kernel:  [mem 0x240000000-0x25fffffff] page 2M
Jan 03 11:50:27 quatermain kernel: init_memory_mapping: [mem 0x00100000-0x873d2fff]
Jan 03 11:50:27 quatermain kernel:  [mem 0x00100000-0x001fffff] page 4k
Jan 03 11:50:27 quatermain kernel:  [mem 0x00200000-0x3fffffff] page 2M
Jan 03 11:50:27 quatermain kernel:  [mem 0x40000000-0x7fffffff] page 1G
Jan 03 11:50:27 quatermain kernel:  [mem 0x80000000-0x871fffff] page 2M
Jan 03 11:50:27 quatermain kernel:  [mem 0x87200000-0x873d2fff] page 4k
Jan 03 11:50:27 quatermain kernel: init_memory_mapping: [mem 0x873fe000-0x8bc86fff]
Jan 03 11:50:27 quatermain kernel:  [mem 0x873fe000-0x873fffff] page 4k
Jan 03 11:50:27 quatermain kernel:  [mem 0x87400000-0x8bbfffff] page 2M
Jan 03 11:50:27 quatermain kernel:  [mem 0x8bc00000-0x8bc86fff] page 4k
Jan 03 11:50:27 quatermain kernel: BRK [0x01f3e000, 0x01f3efff] PGTABLE
Jan 03 11:50:27 quatermain kernel: init_memory_mapping: [mem 0x8bfff000-0x8bffffff]
Jan 03 11:50:27 quatermain kernel:  [mem 0x8bfff000-0x8bffffff] page 4k
Jan 03 11:50:27 quatermain kernel: BRK [0x01f3f000, 0x01f3ffff] PGTABLE
Jan 03 11:50:27 quatermain kernel: init_memory_mapping: [mem 0x100000000-0x23fffffff]
Jan 03 11:50:27 quatermain kernel:  [mem 0x100000000-0x23fffffff] page 1G
Jan 03 11:50:27 quatermain kernel: RAMDISK: [mem 0x35eba000-0x36f54fff]
Jan 03 11:50:27 quatermain kernel: ACPI: Early table checksum verification disabled
Jan 03 11:50:27 quatermain kernel: ACPI: RSDP 0x000000008BFFE014 000024 (v02 MSFT  )
Jan 03 11:50:27 quatermain kernel: ACPI: XSDT 0x000000008BFFD0E8 0000C4 (v01 MSFT   MSFT     00000000 MSFT 0000005F)
Jan 03 11:50:27 quatermain kernel: ACPI: FACP 0x000000008BFF9000 0000F4 (v05 MSFT   MSFT     00000000 MSFT 0000005F)
Jan 03 11:50:27 quatermain kernel: ACPI: DSDT 0x000000008BFE1000 013AC9 (v02 MSFT   MSFT     00000000 INTL 20141107)
Jan 03 11:50:27 quatermain kernel: ACPI: FACS 0x000000008BFA1000 000040
Jan 03 11:50:27 quatermain kernel: ACPI: TCPA 0x000000008BFFC000 000032 (v02 MSFT   MSFT     00000002 MSFT 0000005F)
Jan 03 11:50:27 quatermain kernel: ACPI: SSDT 0x000000008BFFB000 0003A7 (v02 MSFT   Tpm2Tabl 00001000 INTL 20141107)
Jan 03 11:50:27 quatermain kernel: ACPI: TPM2 0x000000008BFFA000 000034 (v03 MSFT   MSFT     00000002 MSFT 0000005F)
Jan 03 11:50:27 quatermain kernel: ACPI: HPET 0x000000008BFF8000 000038 (v01 MSFT   MSFT     00000001 MSFT 0000005F)
Jan 03 11:50:27 quatermain kernel: ACPI: LPIT 0x000000008BFF7000 000094 (v01 MSFT   MSFT     00000000 MSFT 0000005F)
Jan 03 11:50:27 quatermain kernel: ACPI: APIC 0x000000008BFF6000 0000BC (v03 MSFT   MSFT     00000001 MSFT 0000005F)
Jan 03 11:50:27 quatermain kernel: ACPI: MCFG 0x000000008BFF5000 00003C (v01 MSFT   MSFT     00000001 MSFT 0000005F)
Jan 03 11:50:27 quatermain kernel: ACPI: SSDT 0x000000008BFDF000 001EC6 (v02 MSFT   RTD3APNV 00001000 INTL 20141107)
Jan 03 11:50:27 quatermain kernel: ACPI: SSDT 0x000000008BFDE000 00019A (v02 MSFT   Sata0Ide 00001000 INTL 20141107)
Jan 03 11:50:27 quatermain kernel: ACPI: DBGP 0x000000008BFDD000 000034 (v01 MSFT            00000000 MSFT 0000005F)
Jan 03 11:50:27 quatermain kernel: ACPI: DBG2 0x000000008BFDC000 000061 (v00 MSFT            00000000 MSFT 0000005F)
Jan 03 11:50:27 quatermain kernel: ACPI: SSDT 0x000000008BFDB000 0006BC (v02 MSFT   xh_ap000 00000000 INTL 20141107)
Jan 03 11:50:27 quatermain kernel: ACPI: SSDT 0x000000008BFD5000 005329 (v02 SaSsdt SaSsdt   00003000 INTL 20141107)
Jan 03 11:50:27 quatermain kernel: ACPI: SSDT 0x000000008BFD4000 000E58 (v02 CpuRef CpuSsdt  00003000 INTL 20141107)
Jan 03 11:50:27 quatermain kernel: ACPI: MSDM 0x000000008BFD3000 000055 (v01 MSFT            00000001 MSFT 00000001)
Jan 03 11:50:27 quatermain kernel: ACPI: DMAR 0x000000008BFD2000 000138 (v01 MSFT   MSFT     00000001 INTL 00000001)
Jan 03 11:50:27 quatermain kernel: ACPI: NHLT 0x000000008BFD1000 00002D (v00 MSFT   MSFT     00000002 MSFT 0000005F)
Jan 03 11:50:27 quatermain kernel: ACPI: FPDT 0x000000008BFD0000 000034 (v01 MSFT   MSFT     00000002 MSFT 0000005F)
Jan 03 11:50:27 quatermain kernel: ACPI: BGRT 0x000000008BFCF000 000038 (v01 MSFT   MSFT     00000002 MSFT 0000005F)
Jan 03 11:50:27 quatermain kernel: ACPI: Local APIC address 0xfee00000
Jan 03 11:50:27 quatermain kernel: No NUMA configuration found
Jan 03 11:50:27 quatermain kernel: Faking a node at [mem 0x0000000000000000-0x000000026f7fffff]
Jan 03 11:50:27 quatermain kernel: NODE_DATA(0) allocated [mem 0x26f7fa000-0x26f7fdfff]
Jan 03 11:50:27 quatermain kernel:  [ffffea0000000000-ffffea0009bfffff] PMD -> [ffff880266e00000-ffff88026edfffff] on node 0
Jan 03 11:50:27 quatermain kernel: Zone ranges:
Jan 03 11:50:27 quatermain kernel:   DMA      [mem 0x0000000000001000-0x0000000000ffffff]
Jan 03 11:50:27 quatermain kernel:   DMA32    [mem 0x0000000001000000-0x00000000ffffffff]
Jan 03 11:50:27 quatermain kernel:   Normal   [mem 0x0000000100000000-0x000000026f7fffff]
Jan 03 11:50:27 quatermain kernel: Movable zone start for each node
Jan 03 11:50:27 quatermain kernel: Early memory node ranges
Jan 03 11:50:27 quatermain kernel:   node   0: [mem 0x0000000000001000-0x0000000000057fff]
Jan 03 11:50:27 quatermain kernel:   node   0: [mem 0x0000000000059000-0x000000000009dfff]
Jan 03 11:50:27 quatermain kernel:   node   0: [mem 0x0000000000100000-0x00000000873d2fff]
Jan 03 11:50:27 quatermain kernel:   node   0: [mem 0x00000000873fe000-0x000000008bc86fff]
Jan 03 11:50:27 quatermain kernel:   node   0: [mem 0x000000008bfff000-0x000000008bffffff]
Jan 03 11:50:27 quatermain kernel:   node   0: [mem 0x0000000100000000-0x000000026f7fffff]
Jan 03 11:50:27 quatermain kernel: Initmem setup node 0 [mem 0x0000000000001000-0x000000026f7fffff]
Jan 03 11:50:27 quatermain kernel: On node 0 totalpages: 2077689
Jan 03 11:50:27 quatermain kernel:   DMA zone: 64 pages used for memmap
Jan 03 11:50:27 quatermain kernel:   DMA zone: 22 pages reserved
Jan 03 11:50:27 quatermain kernel:   DMA zone: 3996 pages, LIFO batch:0
Jan 03 11:50:27 quatermain kernel:   DMA32 zone: 8882 pages used for memmap
Jan 03 11:50:27 quatermain kernel:   DMA32 zone: 568413 pages, LIFO batch:31
Jan 03 11:50:27 quatermain kernel:   Normal zone: 23520 pages used for memmap
Jan 03 11:50:27 quatermain kernel:   Normal zone: 1505280 pages, LIFO batch:31
Jan 03 11:50:27 quatermain kernel: Reserving Intel graphics stolen memory at 0x8d800000-0x8f7fffff
Jan 03 11:50:27 quatermain kernel: ACPI: PM-Timer IO Port: 0x1808
Jan 03 11:50:27 quatermain kernel: ACPI: Local APIC address 0xfee00000
Jan 03 11:50:27 quatermain kernel: ACPI: LAPIC_NMI (acpi_id[0x01] high edge lint[0x1])
Jan 03 11:50:27 quatermain kernel: ACPI: LAPIC_NMI (acpi_id[0x02] high edge lint[0x1])
Jan 03 11:50:27 quatermain kernel: ACPI: LAPIC_NMI (acpi_id[0x03] high edge lint[0x1])
Jan 03 11:50:27 quatermain kernel: ACPI: LAPIC_NMI (acpi_id[0x04] high edge lint[0x1])
Jan 03 11:50:27 quatermain kernel: ACPI: LAPIC_NMI (acpi_id[0x05] high edge lint[0x1])
Jan 03 11:50:27 quatermain kernel: ACPI: LAPIC_NMI (acpi_id[0x06] high edge lint[0x1])
Jan 03 11:50:27 quatermain kernel: ACPI: LAPIC_NMI (acpi_id[0x07] high edge lint[0x1])
Jan 03 11:50:27 quatermain kernel: ACPI: LAPIC_NMI (acpi_id[0x08] high edge lint[0x1])
Jan 03 11:50:27 quatermain kernel: IOAPIC[0]: apic_id 2, version 32, address 0xfec00000, GSI 0-119
Jan 03 11:50:27 quatermain kernel: ACPI: INT_SRC_OVR (bus 0 bus_irq 0 global_irq 2 dfl dfl)
Jan 03 11:50:27 quatermain kernel: ACPI: INT_SRC_OVR (bus 0 bus_irq 9 global_irq 9 high level)
Jan 03 11:50:27 quatermain kernel: ACPI: IRQ0 used by override.
Jan 03 11:50:27 quatermain kernel: ACPI: IRQ9 used by override.
Jan 03 11:50:27 quatermain kernel: Using ACPI (MADT) for SMP configuration information
Jan 03 11:50:27 quatermain kernel: ACPI: HPET id: 0x8086a201 base: 0xfed00000
Jan 03 11:50:27 quatermain kernel: smpboot: Allowing 8 CPUs, 4 hotplug CPUs
Jan 03 11:50:27 quatermain kernel: PM: Registered nosave memory: [mem 0x00000000-0x00000fff]
Jan 03 11:50:27 quatermain kernel: PM: Registered nosave memory: [mem 0x00058000-0x00058fff]
Jan 03 11:50:27 quatermain kernel: PM: Registered nosave memory: [mem 0x0009e000-0x000fffff]
Jan 03 11:50:27 quatermain kernel: PM: Registered nosave memory: [mem 0x873d3000-0x873d3fff]
Jan 03 11:50:27 quatermain kernel: PM: Registered nosave memory: [mem 0x873d4000-0x873fdfff]
Jan 03 11:50:27 quatermain kernel: PM: Registered nosave memory: [mem 0x8bc87000-0x8bcabfff]
Jan 03 11:50:27 quatermain kernel: PM: Registered nosave memory: [mem 0x8bcac000-0x8bf92fff]
Jan 03 11:50:27 quatermain kernel: PM: Registered nosave memory: [mem 0x8bf93000-0x8bfc4fff]
Jan 03 11:50:27 quatermain kernel: PM: Registered nosave memory: [mem 0x8bfc5000-0x8bffefff]
Jan 03 11:50:27 quatermain kernel: PM: Registered nosave memory: [mem 0x8c000000-0x8f7fffff]
Jan 03 11:50:27 quatermain kernel: PM: Registered nosave memory: [mem 0x8f800000-0xe00f9fff]
Jan 03 11:50:27 quatermain kernel: PM: Registered nosave memory: [mem 0xe00fa000-0xe00fafff]
Jan 03 11:50:27 quatermain kernel: PM: Registered nosave memory: [mem 0xe00fb000-0xe00fcfff]
Jan 03 11:50:27 quatermain kernel: PM: Registered nosave memory: [mem 0xe00fd000-0xe00fdfff]
Jan 03 11:50:27 quatermain kernel: PM: Registered nosave memory: [mem 0xe00fe000-0xfdffffff]
Jan 03 11:50:27 quatermain kernel: PM: Registered nosave memory: [mem 0xfe000000-0xfe010fff]
Jan 03 11:50:27 quatermain kernel: PM: Registered nosave memory: [mem 0xfe011000-0xffffffff]
Jan 03 11:50:27 quatermain kernel: e820: [mem 0x8f800000-0xe00f9fff] available for PCI devices
Jan 03 11:50:27 quatermain kernel: Booting paravirtualized kernel on bare hardware
Jan 03 11:50:27 quatermain kernel: clocksource: refined-jiffies: mask: 0xffffffff max_cycles: 0xffffffff, max_idle_ns: 7645519600211568 ns
Jan 03 11:50:27 quatermain kernel: setup_percpu: NR_CPUS:512 nr_cpumask_bits:512 nr_cpu_ids:8 nr_node_ids:1
Jan 03 11:50:27 quatermain kernel: PERCPU: Embedded 32 pages/cpu @ffff88026f400000 s94168 r8192 d28712 u262144
Jan 03 11:50:27 quatermain kernel: pcpu-alloc: s94168 r8192 d28712 u262144 alloc=1*2097152
Jan 03 11:50:27 quatermain kernel: pcpu-alloc: [0] 0 1 2 3 4 5 6 7 
Jan 03 11:50:27 quatermain kernel: Built 1 zonelists in Node order, mobility grouping on.  Total pages: 2045201
Jan 03 11:50:27 quatermain kernel: Policy zone: Normal
Jan 03 11:50:27 quatermain kernel: Kernel command line: BOOT_IMAGE=/vmlinuz-4.3.3-mssp4 root=/dev/mapper/lvm--quatermain-root ro resume=/dev/mapper/lvm--quatermain-swap i915.preliminary_hw_support=1 intel_idle.max_cstate=2 quiet
Jan 03 11:50:27 quatermain kernel: PID hash table entries: 4096 (order: 3, 32768 bytes)
Jan 03 11:50:27 quatermain kernel: Calgary: detecting Calgary via BIOS EBDA area
Jan 03 11:50:27 quatermain kernel: Calgary: Unable to locate Rio Grande table in EBDA - bailing!
Jan 03 11:50:27 quatermain kernel: Memory: 8032380K/8310756K available (5707K kernel code, 1119K rwdata, 2772K rodata, 1308K init, 844K bss, 278376K reserved, 0K cma-reserved)
Jan 03 11:50:27 quatermain kernel: Hierarchical RCU implementation.
Jan 03 11:50:27 quatermain kernel:         Build-time adjustment of leaf fanout to 64.
Jan 03 11:50:27 quatermain kernel:         RCU restricting CPUs from NR_CPUS=512 to nr_cpu_ids=8.
Jan 03 11:50:27 quatermain kernel: RCU: Adjusting geometry for rcu_fanout_leaf=64, nr_cpu_ids=8
Jan 03 11:50:27 quatermain kernel: Using NULL legacy PIC
Jan 03 11:50:27 quatermain kernel: NR_IRQS:33024 nr_irqs:2048 0
Jan 03 11:50:27 quatermain kernel: Console: colour dummy device 80x25
Jan 03 11:50:27 quatermain kernel: console [tty0] enabled
Jan 03 11:50:27 quatermain kernel: clocksource: hpet: mask: 0xffffffff max_cycles: 0xffffffff, max_idle_ns: 79635855245 ns
Jan 03 11:50:27 quatermain kernel: hpet clockevent registered
Jan 03 11:50:27 quatermain kernel: tsc: Fast TSC calibration failed
Jan 03 11:50:27 quatermain kernel: tsc: PIT calibration matches HPET. 1 loops
Jan 03 11:50:27 quatermain kernel: tsc: Detected 2207.778 MHz processor
Jan 03 11:50:27 quatermain kernel: Calibrating delay loop (skipped), value calculated using timer frequency.. 4415.55 BogoMIPS (lpj=8831112)
Jan 03 11:50:27 quatermain kernel: pid_max: default: 32768 minimum: 301
Jan 03 11:50:27 quatermain kernel: ACPI: Core revision 20150818
Jan 03 11:50:27 quatermain kernel: ACPI: 7 ACPI AML tables successfully acquired and loaded
Jan 03 11:50:27 quatermain kernel: Security Framework initialized
Jan 03 11:50:27 quatermain kernel: Yama: disabled by default; enable with sysctl kernel.yama.*
Jan 03 11:50:27 quatermain kernel: AppArmor: AppArmor disabled by boot time parameter
Jan 03 11:50:27 quatermain kernel: Dentry cache hash table entries: 1048576 (order: 11, 8388608 bytes)
Jan 03 11:50:27 quatermain kernel: Inode-cache hash table entries: 524288 (order: 10, 4194304 bytes)
Jan 03 11:50:27 quatermain kernel: Mount-cache hash table entries: 16384 (order: 5, 131072 bytes)
Jan 03 11:50:27 quatermain kernel: Mountpoint-cache hash table entries: 16384 (order: 5, 131072 bytes)
Jan 03 11:50:27 quatermain kernel: Initializing cgroup subsys io
Jan 03 11:50:27 quatermain kernel: Initializing cgroup subsys memory
Jan 03 11:50:27 quatermain kernel: Initializing cgroup subsys devices
Jan 03 11:50:27 quatermain kernel: Initializing cgroup subsys freezer
Jan 03 11:50:27 quatermain kernel: Initializing cgroup subsys net_cls
Jan 03 11:50:27 quatermain kernel: Initializing cgroup subsys perf_event
Jan 03 11:50:27 quatermain kernel: Initializing cgroup subsys net_prio
Jan 03 11:50:27 quatermain kernel: CPU: Physical Processor ID: 0
Jan 03 11:50:27 quatermain kernel: CPU: Processor Core ID: 0
Jan 03 11:50:27 quatermain kernel: ENERGY_PERF_BIAS: Set to 'normal', was 'performance'
Jan 03 11:50:27 quatermain kernel: ENERGY_PERF_BIAS: View and update with x86_energy_perf_policy(8)
Jan 03 11:50:27 quatermain kernel: mce: CPU supports 9 MCE banks
Jan 03 11:50:27 quatermain kernel: CPU0: Thermal monitoring enabled (TM1)
Jan 03 11:50:27 quatermain kernel: process: using mwait in idle threads
Jan 03 11:50:27 quatermain kernel: Last level iTLB entries: 4KB 64, 2MB 8, 4MB 8
Jan 03 11:50:27 quatermain kernel: Last level dTLB entries: 4KB 64, 2MB 0, 4MB 0, 1GB 4
Jan 03 11:50:27 quatermain kernel: Freeing SMP alternatives memory: 20K (ffffffff81c60000 - ffffffff81c65000)
Jan 03 11:50:27 quatermain kernel: ftrace: allocating 23715 entries in 93 pages
Jan 03 11:50:27 quatermain kernel: DMAR: Host address width 39
Jan 03 11:50:27 quatermain kernel: DMAR: DRHD base: 0x000000fed90000 flags: 0x0
Jan 03 11:50:27 quatermain kernel: DMAR: dmar0: reg_base_addr fed90000 ver 1:0 cap 1c0000c40660462 ecap 7e3ff0505e
Jan 03 11:50:27 quatermain kernel: DMAR: DRHD base: 0x000000fed91000 flags: 0x1
Jan 03 11:50:27 quatermain kernel: DMAR: dmar1: reg_base_addr fed91000 ver 1:0 cap d2008c40660462 ecap f050da
Jan 03 11:50:27 quatermain kernel: DMAR: RMRR base: 0x0000003e2e0000 end: 0x0000003e2fffff
Jan 03 11:50:27 quatermain kernel: DMAR: RMRR base: 0x0000008d000000 end: 0x0000008f7fffff
Jan 03 11:50:27 quatermain kernel: DMAR: ANDD device: 1 name: \_SB.PCI0.I2C0
Jan 03 11:50:27 quatermain kernel: DMAR: ANDD device: 2 name: \_SB.PCI0.I2C1
Jan 03 11:50:27 quatermain kernel: DMAR: ANDD device: 3 name: \_SB.PCI0.I2C2
Jan 03 11:50:27 quatermain kernel: DMAR: ANDD device: 4 name: \_SB.PCI0.I2C3
Jan 03 11:50:27 quatermain kernel: DMAR-IR: IOAPIC id 2 under DRHD base  0xfed91000 IOMMU 1
Jan 03 11:50:27 quatermain kernel: DMAR-IR: HPET id 0 under DRHD base 0xfed91000
Jan 03 11:50:27 quatermain kernel: DMAR-IR: x2apic is disabled because BIOS sets x2apic opt out bit.
Jan 03 11:50:27 quatermain kernel: DMAR-IR: Use 'intremap=no_x2apic_optout' to override the BIOS setting.
Jan 03 11:50:27 quatermain kernel: DMAR-IR: Enabled IRQ remapping in xapic mode
Jan 03 11:50:27 quatermain kernel: x2apic: IRQ remapping doesn't support X2APIC mode
Jan 03 11:50:27 quatermain kernel: TSC deadline timer enabled
Jan 03 11:50:27 quatermain kernel: smpboot: CPU0: Intel(R) Core(TM) i7-6650U CPU @ 2.20GHz (family: 0x6, model: 0x4e, stepping: 0x3)
Jan 03 11:50:27 quatermain kernel: Performance Events: PEBS fmt3+, 32-deep LBR, Skylake events, full-width counters, Intel PMU driver.
Jan 03 11:50:27 quatermain kernel: ... version:                4
Jan 03 11:50:27 quatermain kernel: ... bit width:              48
Jan 03 11:50:27 quatermain kernel: ... generic registers:      4
Jan 03 11:50:27 quatermain kernel: ... value mask:             0000ffffffffffff
Jan 03 11:50:27 quatermain kernel: ... max period:             0000ffffffffffff
Jan 03 11:50:27 quatermain kernel: ... fixed-purpose events:   3
Jan 03 11:50:27 quatermain kernel: ... event mask:             000000070000000f
Jan 03 11:50:27 quatermain kernel: x86: Booting SMP configuration:
Jan 03 11:50:27 quatermain kernel: .... node  #0, CPUs:      #1
Jan 03 11:50:27 quatermain kernel: NMI watchdog: enabled on all CPUs, permanently consumes one hw-PMU counter.
Jan 03 11:50:27 quatermain kernel:  #2 #3
Jan 03 11:50:27 quatermain kernel: x86: Booted up 1 node, 4 CPUs
Jan 03 11:50:27 quatermain kernel: smpboot: Total of 4 processors activated (17662.22 BogoMIPS)
Jan 03 11:50:27 quatermain kernel: devtmpfs: initialized
Jan 03 11:50:27 quatermain kernel: PM: Registering ACPI NVS region [mem 0x873d3000-0x873d3fff] (4096 bytes)
Jan 03 11:50:27 quatermain kernel: PM: Registering ACPI NVS region [mem 0x8bf93000-0x8bfc4fff] (204800 bytes)
Jan 03 11:50:27 quatermain kernel: clocksource: jiffies: mask: 0xffffffff max_cycles: 0xffffffff, max_idle_ns: 7645041785100000 ns
Jan 03 11:50:27 quatermain kernel: pinctrl core: initialized pinctrl subsystem
Jan 03 11:50:27 quatermain kernel: NET: Registered protocol family 16
Jan 03 11:50:27 quatermain kernel: cpuidle: using governor ladder
Jan 03 11:50:27 quatermain kernel: cpuidle: using governor menu
Jan 03 11:50:27 quatermain kernel: ACPI: bus type PCI registered
Jan 03 11:50:27 quatermain kernel: acpiphp: ACPI Hot Plug PCI Controller Driver version: 0.5
Jan 03 11:50:27 quatermain kernel: PCI: MMCONFIG for domain 0000 [bus 00-ff] at [mem 0xe0000000-0xefffffff] (base 0xe0000000)
Jan 03 11:50:27 quatermain kernel: PCI: not using MMCONFIG
Jan 03 11:50:27 quatermain kernel: PCI: Using configuration type 1 for base access
Jan 03 11:50:27 quatermain kernel: ACPI: Added _OSI(Module Device)
Jan 03 11:50:27 quatermain kernel: ACPI: Added _OSI(Processor Device)
Jan 03 11:50:27 quatermain kernel: ACPI: Added _OSI(3.0 _SCP Extensions)
Jan 03 11:50:27 quatermain kernel: ACPI: Added _OSI(Processor Aggregator Device)
Jan 03 11:50:27 quatermain kernel: ACPI: Executed 17 blocks of module-level executable AML code
Jan 03 11:50:27 quatermain kernel: [Firmware Bug]: ACPI: BIOS _OSI(Linux) query ignored
Jan 03 11:50:27 quatermain kernel: ACPI: Dynamic OEM Table Load:
Jan 03 11:50:27 quatermain kernel: ACPI: SSDT 0xFFFF88026510B400 00037F (v02 PmRef  Cpu0Cst  00003001 INTL 20141107)
Jan 03 11:50:27 quatermain kernel: ACPI: Dynamic OEM Table Load:
Jan 03 11:50:27 quatermain kernel: ACPI: SSDT 0xFFFF880265101000 0005DC (v02 PmRef  Cpu0Ist  00003000 INTL 20141107)
Jan 03 11:50:27 quatermain kernel: ACPI: Dynamic OEM Table Load:
Jan 03 11:50:27 quatermain kernel: ACPI: SSDT 0xFFFF8802668D6800 0005AA (v02 PmRef  ApIst    00003000 INTL 20141107)
Jan 03 11:50:27 quatermain kernel: ACPI: Dynamic OEM Table Load:
Jan 03 11:50:27 quatermain kernel: ACPI: SSDT 0xFFFF880265140C00 000119 (v02 PmRef  ApCst    00003000 INTL 20141107)
Jan 03 11:50:27 quatermain kernel: ACPI : EC: EC started
Jan 03 11:50:27 quatermain kernel: ACPI: Interpreter enabled
Jan 03 11:50:27 quatermain kernel: ACPI Exception: AE_NOT_FOUND, While evaluating Sleep State [\_S1_] (20150818/hwxface-580)
Jan 03 11:50:27 quatermain kernel: ACPI Exception: AE_NOT_FOUND, While evaluating Sleep State [\_S2_] (20150818/hwxface-580)
Jan 03 11:50:27 quatermain kernel: ACPI Exception: AE_NOT_FOUND, While evaluating Sleep State [\_S3_] (20150818/hwxface-580)
Jan 03 11:50:27 quatermain kernel: ACPI: (supports S0 S4 S5)
Jan 03 11:50:27 quatermain kernel: ACPI: Using IOAPIC for interrupt routing
Jan 03 11:50:27 quatermain kernel: PCI: MMCONFIG for domain 0000 [bus 00-ff] at [mem 0xe0000000-0xefffffff] (base 0xe0000000)
Jan 03 11:50:27 quatermain kernel: PCI: MMCONFIG at [mem 0xe0000000-0xefffffff] reserved in ACPI motherboard resources
Jan 03 11:50:27 quatermain kernel: PCI: Using host bridge windows from ACPI; if necessary, use "pci=nocrs" and report a bug
Jan 03 11:50:27 quatermain kernel: ACPI: Power Resource [PG00] (on)
Jan 03 11:50:27 quatermain kernel: ACPI: Power Resource [PG01] (on)
Jan 03 11:50:27 quatermain kernel: ACPI: Power Resource [PG02] (on)
Jan 03 11:50:27 quatermain kernel: ACPI: Power Resource [PX01] (on)
Jan 03 11:50:27 quatermain kernel: ACPI: Power Resource [PX02] (on)
Jan 03 11:50:27 quatermain kernel: ACPI: Power Resource [PX03] (on)
Jan 03 11:50:27 quatermain kernel: ACPI: Power Resource [PX04] (on)
Jan 03 11:50:27 quatermain kernel: ACPI: Power Resource [PX05] (on)
Jan 03 11:50:27 quatermain kernel: ACPI: Power Resource [PX06] (on)
Jan 03 11:50:27 quatermain kernel: ACPI: Power Resource [PX07] (on)
Jan 03 11:50:27 quatermain kernel: ACPI: Power Resource [USBC] (on)
Jan 03 11:50:27 quatermain kernel: ACPI: Power Resource [PAUD] (on)
Jan 03 11:50:27 quatermain kernel: ACPI: Power Resource [PXP] (off)
Jan 03 11:50:27 quatermain kernel: ACPI: Power Resource [PXP] (off)
Jan 03 11:50:27 quatermain kernel: ACPI: Power Resource [PRWF] (on)
Jan 03 11:50:27 quatermain kernel: ACPI: Power Resource [CAMP] (on)
Jan 03 11:50:27 quatermain kernel: ACPI: PCI Root Bridge [PCI0] (domain 0000 [bus 00-fe])
Jan 03 11:50:27 quatermain kernel: acpi PNP0A08:00: _OSC: OS supports [ExtendedConfig ASPM ClockPM Segments MSI]
Jan 03 11:50:27 quatermain kernel: acpi PNP0A08:00: _OSC: OS now controls [PCIeHotplug PME AER PCIeCapability]
Jan 03 11:50:27 quatermain kernel: PCI host bridge to bus 0000:00
Jan 03 11:50:27 quatermain kernel: pci_bus 0000:00: root bus resource [bus 00-fe]
Jan 03 11:50:27 quatermain kernel: pci_bus 0000:00: root bus resource [io  0x0000-0x0cf7 window]
Jan 03 11:50:27 quatermain kernel: pci_bus 0000:00: root bus resource [io  0x0d00-0xffff window]
Jan 03 11:50:27 quatermain kernel: pci_bus 0000:00: root bus resource [mem 0x000a0000-0x000bffff window]
Jan 03 11:50:27 quatermain kernel: pci_bus 0000:00: root bus resource [mem 0x000c0000-0x000c3fff window]
Jan 03 11:50:27 quatermain kernel: pci_bus 0000:00: root bus resource [mem 0x000c4000-0x000c7fff window]
Jan 03 11:50:27 quatermain kernel: pci_bus 0000:00: root bus resource [mem 0x000c8000-0x000cbfff window]
Jan 03 11:50:27 quatermain kernel: pci_bus 0000:00: root bus resource [mem 0x000cc000-0x000cffff window]
Jan 03 11:50:27 quatermain kernel: pci_bus 0000:00: root bus resource [mem 0x000d0000-0x000d3fff window]
Jan 03 11:50:27 quatermain kernel: pci_bus 0000:00: root bus resource [mem 0x000d4000-0x000d7fff window]
Jan 03 11:50:27 quatermain kernel: pci_bus 0000:00: root bus resource [mem 0x000d8000-0x000dbfff window]
Jan 03 11:50:27 quatermain kernel: pci_bus 0000:00: root bus resource [mem 0x000dc000-0x000dffff window]
Jan 03 11:50:27 quatermain kernel: pci_bus 0000:00: root bus resource [mem 0x000e0000-0x000e3fff window]
Jan 03 11:50:27 quatermain kernel: pci_bus 0000:00: root bus resource [mem 0x000e4000-0x000e7fff window]
Jan 03 11:50:27 quatermain kernel: pci_bus 0000:00: root bus resource [mem 0x000e8000-0x000ebfff window]
Jan 03 11:50:27 quatermain kernel: pci_bus 0000:00: root bus resource [mem 0x000ec000-0x000effff window]
Jan 03 11:50:27 quatermain kernel: pci_bus 0000:00: root bus resource [mem 0x000f0000-0x000fffff window]
Jan 03 11:50:27 quatermain kernel: pci_bus 0000:00: root bus resource [mem 0x8f800000-0xdfffffff window]
Jan 03 11:50:27 quatermain kernel: pci_bus 0000:00: root bus resource [mem 0xfd000000-0xfe7fffff window]
Jan 03 11:50:27 quatermain kernel: pci 0000:00:00.0: [8086:1904] type 00 class 0x060000
Jan 03 11:50:27 quatermain kernel: pci 0000:00:02.0: [8086:1926] type 00 class 0x030000
Jan 03 11:50:27 quatermain kernel: pci 0000:00:02.0: reg 0x10: [mem 0xa0000000-0xa0ffffff 64bit]
Jan 03 11:50:27 quatermain kernel: pci 0000:00:02.0: reg 0x18: [mem 0x90000000-0x9fffffff 64bit pref]
Jan 03 11:50:27 quatermain kernel: pci 0000:00:02.0: reg 0x20: [io  0x4000-0x403f]
Jan 03 11:50:27 quatermain kernel: pci 0000:00:05.0: [8086:1919] type 00 class 0x048000
Jan 03 11:50:27 quatermain kernel: pci 0000:00:05.0: reg 0x10: [mem 0xa1000000-0xa13fffff 64bit]
Jan 03 11:50:27 quatermain kernel: pci 0000:00:08.0: [8086:1911] type 00 class 0x088000
Jan 03 11:50:27 quatermain kernel: pci 0000:00:08.0: reg 0x10: [mem 0xa1738000-0xa1738fff 64bit]
Jan 03 11:50:27 quatermain kernel: pci 0000:00:14.0: [8086:9d2f] type 00 class 0x0c0330
Jan 03 11:50:27 quatermain kernel: pci 0000:00:14.0: reg 0x10: [mem 0xa1700000-0xa170ffff 64bit]
Jan 03 11:50:27 quatermain kernel: pci 0000:00:14.0: PME# supported from D3hot D3cold
Jan 03 11:50:27 quatermain kernel: pci 0000:00:14.0: System wakeup disabled by ACPI
Jan 03 11:50:27 quatermain kernel: pci 0000:00:14.2: [8086:9d31] type 00 class 0x118000
Jan 03 11:50:27 quatermain kernel: pci 0000:00:14.2: reg 0x10: [mem 0xa1739000-0xa1739fff 64bit]
Jan 03 11:50:27 quatermain kernel: pci 0000:00:14.3: [8086:9d32] type 00 class 0x048000
Jan 03 11:50:27 quatermain kernel: pci 0000:00:14.3: reg 0x10: [mem 0xa1710000-0xa171ffff 64bit]
Jan 03 11:50:27 quatermain kernel: pci 0000:00:15.0: [8086:9d60] type 00 class 0x118000
Jan 03 11:50:27 quatermain kernel: pci 0000:00:15.0: reg 0x10: [mem 0xa173a000-0xa173afff 64bit]
Jan 03 11:50:27 quatermain kernel: pci 0000:00:15.1: [8086:9d61] type 00 class 0x118000
Jan 03 11:50:27 quatermain kernel: pci 0000:00:15.1: reg 0x10: [mem 0xa173b000-0xa173bfff 64bit]
Jan 03 11:50:27 quatermain kernel: pci 0000:00:15.2: [8086:9d62] type 00 class 0x118000
Jan 03 11:50:27 quatermain kernel: pci 0000:00:15.2: reg 0x10: [mem 0xa173c000-0xa173cfff 64bit]
Jan 03 11:50:27 quatermain kernel: pci 0000:00:15.3: [8086:9d63] type 00 class 0x118000
Jan 03 11:50:27 quatermain kernel: pci 0000:00:15.3: reg 0x10: [mem 0xa173d000-0xa173dfff 64bit]
Jan 03 11:50:27 quatermain kernel: pci 0000:00:16.0: [8086:9d3a] type 00 class 0x078000
Jan 03 11:50:27 quatermain kernel: pci 0000:00:16.0: reg 0x10: [mem 0xa173e000-0xa173efff 64bit]
Jan 03 11:50:27 quatermain kernel: pci 0000:00:16.0: PME# supported from D3hot
Jan 03 11:50:27 quatermain kernel: pci 0000:00:16.4: [8086:9d3e] type 00 class 0x078000
Jan 03 11:50:27 quatermain kernel: pci 0000:00:16.4: reg 0x10: [mem 0xa173f000-0xa173ffff 64bit]
Jan 03 11:50:27 quatermain kernel: pci 0000:00:16.4: PME# supported from D3hot
Jan 03 11:50:27 quatermain kernel: pci 0000:00:1c.0: [8086:9d14] type 01 class 0x060400
Jan 03 11:50:27 quatermain kernel: pci 0000:00:1c.0: PME# supported from D0 D3hot D3cold
Jan 03 11:50:27 quatermain kernel: pci 0000:00:1c.0: System wakeup disabled by ACPI
Jan 03 11:50:27 quatermain kernel: pci 0000:00:1d.0: [8086:9d18] type 01 class 0x060400
Jan 03 11:50:27 quatermain kernel: pci 0000:00:1d.0: PME# supported from D0 D3hot D3cold
Jan 03 11:50:27 quatermain kernel: pci 0000:00:1d.0: System wakeup disabled by ACPI
Jan 03 11:50:27 quatermain kernel: pci 0000:00:1f.0: [8086:9d48] type 00 class 0x060100
Jan 03 11:50:27 quatermain kernel: pci 0000:00:1f.2: [8086:9d21] type 00 class 0x058000
Jan 03 11:50:27 quatermain kernel: pci 0000:00:1f.2: reg 0x10: [mem 0xa1734000-0xa1737fff]
Jan 03 11:50:27 quatermain kernel: pci 0000:00:1f.3: [8086:9d70] type 00 class 0x040380
Jan 03 11:50:27 quatermain kernel: pci 0000:00:1f.3: reg 0x10: [mem 0xa1730000-0xa1733fff 64bit]
Jan 03 11:50:27 quatermain kernel: pci 0000:00:1f.3: reg 0x20: [mem 0xa1720000-0xa172ffff 64bit]
Jan 03 11:50:27 quatermain kernel: pci 0000:00:1f.3: PME# supported from D3hot D3cold
Jan 03 11:50:27 quatermain kernel: pci 0000:00:1f.3: System wakeup disabled by ACPI
Jan 03 11:50:27 quatermain kernel: pci 0000:00:1f.4: [8086:9d23] type 00 class 0x0c0500
Jan 03 11:50:27 quatermain kernel: pci 0000:00:1f.4: reg 0x10: [mem 0xa1741000-0xa17410ff 64bit]
Jan 03 11:50:27 quatermain kernel: pci 0000:00:1f.4: reg 0x20: [io  0xefa0-0xefbf]
Jan 03 11:50:27 quatermain kernel: pci 0000:01:00.0: [144d:a802] type 00 class 0x010802
Jan 03 11:50:27 quatermain kernel: pci 0000:01:00.0: reg 0x10: [mem 0xa1600000-0xa1603fff 64bit]
Jan 03 11:50:27 quatermain kernel: pci 0000:01:00.0: reg 0x18: [io  0x3000-0x30ff]
Jan 03 11:50:27 quatermain kernel: pci 0000:01:00.0: System wakeup disabled by ACPI
Jan 03 11:50:27 quatermain kernel: pci 0000:00:1c.0: PCI bridge to [bus 01]
Jan 03 11:50:27 quatermain kernel: pci 0000:00:1c.0:   bridge window [io  0x3000-0x3fff]
Jan 03 11:50:27 quatermain kernel: pci 0000:00:1c.0:   bridge window [mem 0xa1600000-0xa16fffff]
Jan 03 11:50:27 quatermain kernel: pci 0000:02:00.0: [11ab:2b38] type 00 class 0x020000
Jan 03 11:50:27 quatermain kernel: pci 0000:02:00.0: reg 0x10: [mem 0xa1500000-0xa15fffff 64bit pref]
Jan 03 11:50:27 quatermain kernel: pci 0000:02:00.0: reg 0x18: [mem 0xa1400000-0xa14fffff 64bit pref]
Jan 03 11:50:27 quatermain kernel: pci 0000:02:00.0: supports D1 D2
Jan 03 11:50:27 quatermain kernel: pci 0000:02:00.0: PME# supported from D0 D1 D3hot D3cold
Jan 03 11:50:27 quatermain kernel: pci 0000:02:00.0: System wakeup disabled by ACPI
Jan 03 11:50:27 quatermain kernel: pci 0000:00:1d.0: PCI bridge to [bus 02]
Jan 03 11:50:27 quatermain kernel: pci 0000:00:1d.0:   bridge window [mem 0xa1400000-0xa15fffff 64bit pref]
Jan 03 11:50:27 quatermain kernel: ACPI: PCI Interrupt Link [LNKA] (IRQs 3 4 5 6 10 *11 12 14 15)
Jan 03 11:50:27 quatermain kernel: ACPI: PCI Interrupt Link [LNKB] (IRQs 3 4 5 6 *10 11 12 14 15)
Jan 03 11:50:27 quatermain kernel: ACPI: PCI Interrupt Link [LNKC] (IRQs 3 4 5 6 10 *11 12 14 15)
Jan 03 11:50:27 quatermain kernel: ACPI: PCI Interrupt Link [LNKD] (IRQs 3 4 5 6 10 *11 12 14 15)
Jan 03 11:50:27 quatermain kernel: ACPI: PCI Interrupt Link [LNKE] (IRQs 3 4 5 6 10 *11 12 14 15)
Jan 03 11:50:27 quatermain kernel: ACPI: PCI Interrupt Link [LNKF] (IRQs 3 4 5 6 10 *11 12 14 15)
Jan 03 11:50:27 quatermain kernel: ACPI: PCI Interrupt Link [LNKG] (IRQs 3 4 5 6 10 *11 12 14 15)
Jan 03 11:50:27 quatermain kernel: ACPI: PCI Interrupt Link [LNKH] (IRQs 3 4 5 6 10 *11 12 14 15)
Jan 03 11:50:27 quatermain kernel: ACPI: Enabled 9 GPEs in block 00 to 7F
Jan 03 11:50:27 quatermain kernel: ACPI : EC: GPE = 0x50, I/O: command/status = 0x66, data = 0x62
Jan 03 11:50:27 quatermain kernel: vgaarb: setting as boot device: PCI:0000:00:02.0
Jan 03 11:50:27 quatermain kernel: vgaarb: device added: PCI:0000:00:02.0,decodes=io+mem,owns=io+mem,locks=none
Jan 03 11:50:27 quatermain kernel: vgaarb: loaded
Jan 03 11:50:27 quatermain kernel: vgaarb: bridge control possible 0000:00:02.0
Jan 03 11:50:27 quatermain kernel: PCI: Using ACPI for IRQ routing
Jan 03 11:50:27 quatermain kernel: PCI: pci_cache_line_size set to 64 bytes
Jan 03 11:50:27 quatermain kernel: e820: reserve RAM buffer [mem 0x00058000-0x0005ffff]
Jan 03 11:50:27 quatermain kernel: e820: reserve RAM buffer [mem 0x0009e000-0x0009ffff]
Jan 03 11:50:27 quatermain kernel: e820: reserve RAM buffer [mem 0x873d3000-0x87ffffff]
Jan 03 11:50:27 quatermain kernel: e820: reserve RAM buffer [mem 0x8bc87000-0x8bffffff]
Jan 03 11:50:27 quatermain kernel: e820: reserve RAM buffer [mem 0x26f800000-0x26fffffff]
Jan 03 11:50:27 quatermain kernel: hpet0: at MMIO 0xfed00000, IRQs 2, 8, 0, 0, 0, 0, 0, 0
Jan 03 11:50:27 quatermain kernel: hpet0: 8 comparators, 64-bit 24.000000 MHz counter
Jan 03 11:50:27 quatermain kernel: clocksource: Switched to clocksource hpet
Jan 03 11:50:27 quatermain kernel: pnp: PnP ACPI init
Jan 03 11:50:27 quatermain kernel: system 00:00: [mem 0xfd000000-0xfdabffff] has been reserved
Jan 03 11:50:27 quatermain kernel: system 00:00: [mem 0xfdad0000-0xfdadffff] has been reserved
Jan 03 11:50:27 quatermain kernel: system 00:00: [mem 0xfdb00000-0xfdffffff] has been reserved
Jan 03 11:50:27 quatermain kernel: system 00:00: [mem 0xfe000000-0xfe01ffff] could not be reserved
Jan 03 11:50:27 quatermain kernel: system 00:00: [mem 0xfe036000-0xfe03bfff] has been reserved
Jan 03 11:50:27 quatermain kernel: system 00:00: [mem 0xfe03d000-0xfe3fffff] has been reserved
Jan 03 11:50:27 quatermain kernel: system 00:00: [mem 0xfe410000-0xfe7fffff] has been reserved
Jan 03 11:50:27 quatermain kernel: system 00:00: Plug and Play ACPI device, IDs PNP0c02 (active)
Jan 03 11:50:27 quatermain kernel: system 00:01: [io  0x2000-0x20fe] has been reserved
Jan 03 11:50:27 quatermain kernel: system 00:01: Plug and Play ACPI device, IDs PNP0c02 (active)
Jan 03 11:50:27 quatermain kernel: system 00:02: [io  0x0680-0x069f] has been reserved
Jan 03 11:50:27 quatermain kernel: system 00:02: [io  0xffff] has been reserved
Jan 03 11:50:27 quatermain kernel: system 00:02: [io  0xffff] has been reserved
Jan 03 11:50:27 quatermain kernel: system 00:02: [io  0xffff] has been reserved
Jan 03 11:50:27 quatermain kernel: system 00:02: [io  0x1800-0x18fe] could not be reserved
Jan 03 11:50:27 quatermain kernel: system 00:02: [io  0x164e-0x164f] has been reserved
Jan 03 11:50:27 quatermain kernel: system 00:02: Plug and Play ACPI device, IDs PNP0c02 (active)
Jan 03 11:50:27 quatermain kernel: pnp 00:03: Plug and Play ACPI device, IDs PNP0b00 (active)
Jan 03 11:50:27 quatermain kernel: system 00:04: [io  0x1854-0x1857] has been reserved
Jan 03 11:50:27 quatermain kernel: system 00:04: Plug and Play ACPI device, IDs INT3f0d PNP0c02 (active)
Jan 03 11:50:27 quatermain kernel: system 00:05: Plug and Play ACPI device, IDs PNP0c02 (active)
Jan 03 11:50:27 quatermain kernel: system 00:06: [mem 0xfed10000-0xfed17fff] has been reserved
Jan 03 11:50:27 quatermain kernel: system 00:06: [mem 0xfed18000-0xfed18fff] has been reserved
Jan 03 11:50:27 quatermain kernel: system 00:06: [mem 0xfed19000-0xfed19fff] has been reserved
Jan 03 11:50:27 quatermain kernel: system 00:06: [mem 0xe0000000-0xefffffff] could not be reserved
Jan 03 11:50:27 quatermain kernel: system 00:06: [mem 0xfed20000-0xfed3ffff] has been reserved
Jan 03 11:50:27 quatermain kernel: system 00:06: [mem 0xfed90000-0xfed93fff] could not be reserved
Jan 03 11:50:27 quatermain kernel: system 00:06: [mem 0xfed45000-0xfed8ffff] has been reserved
Jan 03 11:50:27 quatermain kernel: system 00:06: [mem 0xff000000-0xffffffff] has been reserved
Jan 03 11:50:27 quatermain kernel: system 00:06: [mem 0xfee00000-0xfeefffff] has been reserved
Jan 03 11:50:27 quatermain kernel: system 00:06: [mem 0x8f800000-0x8f81ffff] has been reserved
Jan 03 11:50:27 quatermain kernel: system 00:06: Plug and Play ACPI device, IDs PNP0c02 (active)
Jan 03 11:50:27 quatermain kernel: pnp: PnP ACPI: found 7 devices
Jan 03 11:50:27 quatermain kernel: clocksource: acpi_pm: mask: 0xffffff max_cycles: 0xffffff, max_idle_ns: 2085701024 ns
Jan 03 11:50:27 quatermain kernel: pci 0000:00:1c.0: PCI bridge to [bus 01]
Jan 03 11:50:27 quatermain kernel: pci 0000:00:1c.0:   bridge window [io  0x3000-0x3fff]
Jan 03 11:50:27 quatermain kernel: pci 0000:00:1c.0:   bridge window [mem 0xa1600000-0xa16fffff]
Jan 03 11:50:27 quatermain kernel: pci 0000:00:1d.0: PCI bridge to [bus 02]
Jan 03 11:50:27 quatermain kernel: pci 0000:00:1d.0:   bridge window [mem 0xa1400000-0xa15fffff 64bit pref]
Jan 03 11:50:27 quatermain kernel: pci_bus 0000:00: resource 4 [io  0x0000-0x0cf7 window]
Jan 03 11:50:27 quatermain kernel: pci_bus 0000:00: resource 5 [io  0x0d00-0xffff window]
Jan 03 11:50:27 quatermain kernel: pci_bus 0000:00: resource 6 [mem 0x000a0000-0x000bffff window]
Jan 03 11:50:27 quatermain kernel: pci_bus 0000:00: resource 7 [mem 0x000c0000-0x000c3fff window]
Jan 03 11:50:27 quatermain kernel: pci_bus 0000:00: resource 8 [mem 0x000c4000-0x000c7fff window]
Jan 03 11:50:27 quatermain kernel: pci_bus 0000:00: resource 9 [mem 0x000c8000-0x000cbfff window]
Jan 03 11:50:27 quatermain kernel: pci_bus 0000:00: resource 10 [mem 0x000cc000-0x000cffff window]
Jan 03 11:50:27 quatermain kernel: pci_bus 0000:00: resource 11 [mem 0x000d0000-0x000d3fff window]
Jan 03 11:50:27 quatermain kernel: pci_bus 0000:00: resource 12 [mem 0x000d4000-0x000d7fff window]
Jan 03 11:50:27 quatermain kernel: pci_bus 0000:00: resource 13 [mem 0x000d8000-0x000dbfff window]
Jan 03 11:50:27 quatermain kernel: pci_bus 0000:00: resource 14 [mem 0x000dc000-0x000dffff window]
Jan 03 11:50:27 quatermain kernel: pci_bus 0000:00: resource 15 [mem 0x000e0000-0x000e3fff window]
Jan 03 11:50:27 quatermain kernel: pci_bus 0000:00: resource 16 [mem 0x000e4000-0x000e7fff window]
Jan 03 11:50:27 quatermain kernel: pci_bus 0000:00: resource 17 [mem 0x000e8000-0x000ebfff window]
Jan 03 11:50:27 quatermain kernel: pci_bus 0000:00: resource 18 [mem 0x000ec000-0x000effff window]
Jan 03 11:50:27 quatermain kernel: pci_bus 0000:00: resource 19 [mem 0x000f0000-0x000fffff window]
Jan 03 11:50:27 quatermain kernel: pci_bus 0000:00: resource 20 [mem 0x8f800000-0xdfffffff window]
Jan 03 11:50:27 quatermain kernel: pci_bus 0000:00: resource 21 [mem 0xfd000000-0xfe7fffff window]
Jan 03 11:50:27 quatermain kernel: pci_bus 0000:01: resource 0 [io  0x3000-0x3fff]
Jan 03 11:50:27 quatermain kernel: pci_bus 0000:01: resource 1 [mem 0xa1600000-0xa16fffff]
Jan 03 11:50:27 quatermain kernel: pci_bus 0000:02: resource 2 [mem 0xa1400000-0xa15fffff 64bit pref]
Jan 03 11:50:27 quatermain kernel: NET: Registered protocol family 2
Jan 03 11:50:27 quatermain kernel: TCP established hash table entries: 65536 (order: 7, 524288 bytes)
Jan 03 11:50:27 quatermain kernel: TCP bind hash table entries: 65536 (order: 8, 1048576 bytes)
Jan 03 11:50:27 quatermain kernel: TCP: Hash tables configured (established 65536 bind 65536)
Jan 03 11:50:27 quatermain kernel: UDP hash table entries: 4096 (order: 5, 131072 bytes)
Jan 03 11:50:27 quatermain kernel: UDP-Lite hash table entries: 4096 (order: 5, 131072 bytes)
Jan 03 11:50:27 quatermain kernel: NET: Registered protocol family 1
Jan 03 11:50:27 quatermain kernel: pci 0000:00:02.0: Video device with shadowed ROM
Jan 03 11:50:27 quatermain kernel: PCI: CLS 0 bytes, default 64
Jan 03 11:50:27 quatermain kernel: Unpacking initramfs...
Jan 03 11:50:27 quatermain kernel: Freeing initrd memory: 17004K (ffff880035eba000 - ffff880036f55000)
Jan 03 11:50:27 quatermain kernel: DMAR: ACPI device "device:6c" under DMAR at fed91000 as 00:15.0
Jan 03 11:50:27 quatermain kernel: DMAR: ACPI device "device:6d" under DMAR at fed91000 as 00:15.1
Jan 03 11:50:27 quatermain kernel: DMAR: ACPI device "device:6e" under DMAR at fed91000 as 00:15.2
Jan 03 11:50:27 quatermain kernel: DMAR: ACPI device "device:6f" under DMAR at fed91000 as 00:15.3
Jan 03 11:50:27 quatermain kernel: PCI-DMA: Using software bounce buffering for IO (SWIOTLB)
Jan 03 11:50:27 quatermain kernel: software IO TLB [mem 0x810f8000-0x850f8000] (64MB) mapped at [ffff8800810f8000-ffff8800850f7fff]
Jan 03 11:50:27 quatermain kernel: microcode: CPU0 sig=0x406e3, pf=0x40, revision=0x5c
Jan 03 11:50:27 quatermain kernel: microcode: CPU1 sig=0x406e3, pf=0x40, revision=0x5c
Jan 03 11:50:27 quatermain kernel: microcode: CPU2 sig=0x406e3, pf=0x40, revision=0x5c
Jan 03 11:50:27 quatermain kernel: microcode: CPU3 sig=0x406e3, pf=0x40, revision=0x5c
Jan 03 11:50:27 quatermain kernel: microcode: Microcode Update Driver: v2.00 <tigran@aivazian.fsnet.co.uk>, Peter Oruba
Jan 03 11:50:27 quatermain kernel: simple-framebuffer simple-framebuffer.0: framebuffer at 0x90000000, 0x130a000 bytes, mapped to 0xffffc90002000000
Jan 03 11:50:27 quatermain kernel: simple-framebuffer simple-framebuffer.0: format=a8r8g8b8, mode=2736x1824x32, linelength=10944
Jan 03 11:50:27 quatermain kernel: Console: switching to colour frame buffer device 342x114
Jan 03 11:50:27 quatermain kernel: simple-framebuffer simple-framebuffer.0: fb0: simplefb registered!
Jan 03 11:50:27 quatermain kernel: futex hash table entries: 2048 (order: 5, 131072 bytes)
Jan 03 11:50:27 quatermain kernel: audit: initializing netlink subsys (disabled)
Jan 03 11:50:27 quatermain kernel: audit: type=2000 audit(1451821824.832:1): initialized
Jan 03 11:50:27 quatermain kernel: HugeTLB registered 2 MB page size, pre-allocated 0 pages
Jan 03 11:50:27 quatermain kernel: zbud: loaded
Jan 03 11:50:27 quatermain kernel: VFS: Disk quotas dquot_6.6.0
Jan 03 11:50:27 quatermain kernel: VFS: Dquot-cache hash table entries: 512 (order 0, 4096 bytes)
Jan 03 11:50:27 quatermain kernel: Block layer SCSI generic (bsg) driver version 0.4 loaded (major 250)
Jan 03 11:50:27 quatermain kernel: io scheduler noop registered
Jan 03 11:50:27 quatermain kernel: io scheduler deadline registered
Jan 03 11:50:27 quatermain kernel: io scheduler cfq registered (default)
Jan 03 11:50:27 quatermain kernel: pcieport 0000:00:1c.0: Signaling PME through PCIe PME interrupt
Jan 03 11:50:27 quatermain kernel: pci 0000:01:00.0: Signaling PME through PCIe PME interrupt
Jan 03 11:50:27 quatermain kernel: pcie_pme 0000:00:1c.0:pcie01: service driver pcie_pme loaded
Jan 03 11:50:27 quatermain kernel: pcieport 0000:00:1d.0: Signaling PME through PCIe PME interrupt
Jan 03 11:50:27 quatermain kernel: pci 0000:02:00.0: Signaling PME through PCIe PME interrupt
Jan 03 11:50:27 quatermain kernel: pcie_pme 0000:00:1d.0:pcie01: service driver pcie_pme loaded
Jan 03 11:50:27 quatermain kernel: pci_hotplug: PCI Hot Plug PCI Core version: 0.5
Jan 03 11:50:27 quatermain kernel: pciehp: PCI Express Hot Plug Controller Driver version: 0.4
Jan 03 11:50:27 quatermain kernel: intel_idle: MWAIT substates: 0x11142120
Jan 03 11:50:27 quatermain kernel: intel_idle: v0.4 model 0x4E
Jan 03 11:50:27 quatermain kernel: intel_idle: lapic_timer_reliable_states 0xffffffff
Jan 03 11:50:27 quatermain kernel: intel_idle: max_cstate 2 reached
Jan 03 11:50:27 quatermain kernel: GHES: HEST is not enabled!
Jan 03 11:50:27 quatermain kernel: Serial: 8250/16550 driver, 4 ports, IRQ sharing enabled
Jan 03 11:50:27 quatermain kernel: Linux agpgart interface v0.103
Jan 03 11:50:27 quatermain kernel: AMD IOMMUv2 driver by Joerg Roedel <jroedel@suse.de>
Jan 03 11:50:27 quatermain kernel: AMD IOMMUv2 functionality not available on this system
Jan 03 11:50:27 quatermain kernel: i8042: PNP: No PS/2 controller found. Probing ports directly.
Jan 03 11:50:27 quatermain kernel: i8042: No controller found
Jan 03 11:50:27 quatermain kernel: tsc: Refined TSC clocksource calibration: 2208.013 MHz
Jan 03 11:50:27 quatermain kernel: clocksource: tsc: mask: 0xffffffffffffffff max_cycles: 0x1fd3c4791a9, max_idle_ns: 440795263197 ns
Jan 03 11:50:27 quatermain kernel: mousedev: PS/2 mouse device common for all mice
Jan 03 11:50:27 quatermain kernel: rtc_cmos 00:03: RTC can wake from S4
Jan 03 11:50:27 quatermain kernel: rtc_cmos 00:03: rtc core: registered rtc_cmos as rtc0
Jan 03 11:50:27 quatermain kernel: rtc_cmos 00:03: alarms up to one month, y3k, 242 bytes nvram, hpet irqs
Jan 03 11:50:27 quatermain kernel: Intel P-state driver initializing.
Jan 03 11:50:27 quatermain kernel: intel_pstate: HWP enabled
Jan 03 11:50:27 quatermain kernel: intel_pstate: HWP enabled
Jan 03 11:50:27 quatermain kernel: intel_pstate: HWP enabled
Jan 03 11:50:27 quatermain kernel: intel_pstate: HWP enabled
Jan 03 11:50:27 quatermain kernel: ledtrig-cpu: registered to indicate activity on CPUs
Jan 03 11:50:27 quatermain kernel: input: Surface Pro Series Buttons as /devices/LNXSYSTM:00/LNXSYBUS:00/PNP0A08:00/device:18/PNP0C09:00/MSHW0040:00/input/input0
Jan 03 11:50:27 quatermain kernel: surface_pro_button MSHW0040:00: Surface Pro Series Buttons [VGBI]
Jan 03 11:50:27 quatermain kernel: NET: Registered protocol family 10
Jan 03 11:50:27 quatermain kernel: mip6: Mobile IPv6
Jan 03 11:50:27 quatermain kernel: NET: Registered protocol family 17
Jan 03 11:50:27 quatermain kernel: mpls_gso: MPLS GSO support
Jan 03 11:50:27 quatermain kernel: registered taskstats version 1
Jan 03 11:50:27 quatermain kernel: zswap: loaded using pool lzo/zbud
Jan 03 11:50:27 quatermain kernel: rtc_cmos 00:03: setting system clock to 2016-01-03 11:50:27 UTC (1451821827)
Jan 03 11:50:27 quatermain kernel: PM: Checking hibernation image partition /dev/mapper/lvm--quatermain-swap
Jan 03 11:50:27 quatermain kernel: PM: Hibernation image not present or could not be loaded.
Jan 03 11:50:27 quatermain kernel: Freeing unused kernel memory: 1308K (ffffffff81b19000 - ffffffff81c60000)
Jan 03 11:50:27 quatermain kernel: Write protecting the kernel read-only data: 10240k
Jan 03 11:50:27 quatermain kernel: Freeing unused kernel memory: 424K (ffff880001796000 - ffff880001800000)
Jan 03 11:50:27 quatermain kernel:  nvme0n1: p1 p2 p3 p4 p5 p6
Jan 03 11:50:27 quatermain kernel: Freeing unused kernel memory: 1324K (ffff880001ab5000 - ffff880001c00000)
Jan 03 11:50:27 quatermain kernel: random: systemd-udevd urandom read with 12 bits of entropy available
Jan 03 11:50:27 quatermain kernel: thermal LNXTHERM:00: registered as thermal_zone0
Jan 03 11:50:27 quatermain kernel: ACPI: Thermal Zone [TZ00] (35 C)
Jan 03 11:50:27 quatermain kernel: hidraw: raw HID events driver (C) Jiri Kosina
Jan 03 11:50:27 quatermain kernel: ACPI: bus type USB registered
Jan 03 11:50:27 quatermain kernel: usbcore: registered new interface driver usbfs
Jan 03 11:50:27 quatermain kernel: usbcore: registered new interface driver hub
Jan 03 11:50:27 quatermain kernel: usbcore: registered new device driver usb
Jan 03 11:50:27 quatermain kernel: xhci_hcd 0000:00:14.0: xHCI Host Controller
Jan 03 11:50:27 quatermain kernel: xhci_hcd 0000:00:14.0: new USB bus registered, assigned bus number 1
Jan 03 11:50:27 quatermain kernel: thermal LNXTHERM:01: registered as thermal_zone1
Jan 03 11:50:27 quatermain kernel: ACPI: Thermal Zone [TZ01] (0 C)
Jan 03 11:50:27 quatermain kernel: xhci_hcd 0000:00:14.0: hcc params 0x200077c1 hci version 0x100 quirks 0x00109810
Jan 03 11:50:27 quatermain kernel: xhci_hcd 0000:00:14.0: cache line size of 64 is not supported
Jan 03 11:50:27 quatermain kernel: usb usb1: New USB device found, idVendor=1d6b, idProduct=0002
Jan 03 11:50:27 quatermain kernel: usb usb1: New USB device strings: Mfr=3, Product=2, SerialNumber=1
Jan 03 11:50:27 quatermain kernel: usb usb1: Product: xHCI Host Controller
Jan 03 11:50:27 quatermain kernel: usb usb1: Manufacturer: Linux 4.3.3-mssp4 xhci-hcd
Jan 03 11:50:27 quatermain kernel: usb usb1: SerialNumber: 0000:00:14.0
Jan 03 11:50:27 quatermain kernel: hub 1-0:1.0: USB hub found
Jan 03 11:50:27 quatermain kernel: hub 1-0:1.0: 12 ports detected
Jan 03 11:50:27 quatermain kernel: thermal LNXTHERM:02: registered as thermal_zone2
Jan 03 11:50:27 quatermain kernel: ACPI: Thermal Zone [TZ02] (27 C)
Jan 03 11:50:27 quatermain kernel: thermal LNXTHERM:03: registered as thermal_zone3
Jan 03 11:50:27 quatermain kernel: ACPI: Thermal Zone [TZ03] (31 C)
Jan 03 11:50:27 quatermain kernel: xhci_hcd 0000:00:14.0: xHCI Host Controller
Jan 03 11:50:27 quatermain kernel: xhci_hcd 0000:00:14.0: new USB bus registered, assigned bus number 2
Jan 03 11:50:27 quatermain kernel: usb usb2: New USB device found, idVendor=1d6b, idProduct=0003
Jan 03 11:50:27 quatermain kernel: usb usb2: New USB device strings: Mfr=3, Product=2, SerialNumber=1
Jan 03 11:50:27 quatermain kernel: usb usb2: Product: xHCI Host Controller
Jan 03 11:50:27 quatermain kernel: usb usb2: Manufacturer: Linux 4.3.3-mssp4 xhci-hcd
Jan 03 11:50:27 quatermain kernel: usb usb2: SerialNumber: 0000:00:14.0
Jan 03 11:50:27 quatermain kernel: hub 2-0:1.0: USB hub found
Jan 03 11:50:27 quatermain kernel: hub 2-0:1.0: 6 ports detected
Jan 03 11:50:27 quatermain kernel: device-mapper: uevent: version 1.0.3
Jan 03 11:50:27 quatermain kernel: device-mapper: ioctl: 4.33.0-ioctl (2015-8-18) initialised: dm-devel@redhat.com
Jan 03 11:50:27 quatermain kernel: PM: Starting manual resume from disk
Jan 03 11:50:27 quatermain kernel: PM: Hibernation image partition 251:1 present
Jan 03 11:50:27 quatermain kernel: PM: Looking for hibernation image.
Jan 03 11:50:27 quatermain kernel: PM: Image not found (code -22)
Jan 03 11:50:27 quatermain kernel: PM: Hibernation image not present or could not be loaded.
Jan 03 11:50:27 quatermain kernel: PM: Marking nosave pages: [mem 0x00000000-0x00000fff]
Jan 03 11:50:27 quatermain kernel: PM: Marking nosave pages: [mem 0x00058000-0x00058fff]
Jan 03 11:50:27 quatermain kernel: PM: Marking nosave pages: [mem 0x0009e000-0x000fffff]
Jan 03 11:50:27 quatermain kernel: PM: Marking nosave pages: [mem 0x873d3000-0x873fdfff]
Jan 03 11:50:27 quatermain kernel: PM: Marking nosave pages: [mem 0x8bc87000-0x8bffefff]
Jan 03 11:50:27 quatermain kernel: PM: Marking nosave pages: [mem 0x8c000000-0xffffffff]
Jan 03 11:50:27 quatermain kernel: PM: Basic memory bitmaps created
Jan 03 11:50:27 quatermain kernel: PM: Basic memory bitmaps freed
Jan 03 11:50:27 quatermain kernel: EXT4-fs (dm-0): mounted filesystem with ordered data mode. Opts: (null)
Jan 03 11:50:27 quatermain systemd[1]: RTC configured in localtime, applying delta of 0 minutes to system time.
Jan 03 11:50:27 quatermain systemd[1]: Failed to insert module 'kdbus': Function not implemented
Jan 03 11:50:27 quatermain systemd[1]: systemd 228 running in system mode. (+PAM +AUDIT +SELINUX +IMA +APPARMOR +SMACK +SYSVINIT +UTMP +LIBCRYPTSETUP +GCRYPT +GNUTLS +ACL +XZ -LZ4 +SECCOMP +BLKID +ELFUTILS +KMOD -IDN)
Jan 03 11:50:27 quatermain systemd[1]: Detected architecture x86-64.
Jan 03 11:50:27 quatermain systemd[1]: Set hostname to <quatermain>.
Jan 03 11:50:27 quatermain systemd[1]: Listening on fsck to fsckd communication Socket.
Jan 03 11:50:27 quatermain systemd[1]: Listening on Journal Socket (/dev/log).
Jan 03 11:50:27 quatermain systemd[1]: Set up automount Arbitrary Executable File Formats File System Automount Point.
Jan 03 11:50:27 quatermain systemd[1]: Listening on Syslog Socket.
Jan 03 11:50:27 quatermain systemd[1]: Listening on /dev/initctl Compatibility Named Pipe.
Jan 03 11:50:27 quatermain systemd[1]: Listening on Journal Audit Socket.
Jan 03 11:50:27 quatermain systemd[1]: Listening on udev Control Socket.
Jan 03 11:50:27 quatermain systemd[1]: Created slice User and Session Slice.
Jan 03 11:50:27 quatermain systemd[1]: Listening on Journal Socket.
Jan 03 11:50:27 quatermain systemd[1]: Listening on udev Kernel Socket.
Jan 03 11:50:27 quatermain systemd[1]: Started Dispatch Password Requests to Console Directory Watch.
Jan 03 11:50:27 quatermain systemd[1]: Listening on LVM2 metadata daemon socket.
Jan 03 11:50:27 quatermain systemd[1]: Created slice System Slice.
Jan 03 11:50:27 quatermain systemd[1]: Created slice system-systemd\x2dfsck.slice.
Jan 03 11:50:27 quatermain systemd[1]: Mounting Huge Pages File System...
Jan 03 11:50:27 quatermain systemd[1]: Mounting Debug File System...
Jan 03 11:50:27 quatermain systemd[1]: Starting Create list of required static device nodes for the current kernel...
Jan 03 11:50:27 quatermain systemd[1]: Starting Journal Service...
Jan 03 11:50:27 quatermain systemd[1]: Starting Nameserver information manager...
Jan 03 11:50:27 quatermain systemd[1]: Mounting POSIX Message Queue File System...
Jan 03 11:50:27 quatermain systemd[1]: Created slice system-getty.slice.
Jan 03 11:50:27 quatermain systemd[1]: Reached target Slices.
Jan 03 11:50:27 quatermain systemd[1]: Reached target Remote File Systems (Pre).
Jan 03 11:50:27 quatermain systemd[1]: Started Forward Password Requests to Wall Directory Watch.
Jan 03 11:50:27 quatermain systemd[1]: Starting Load Kernel Modules...
Jan 03 11:50:27 quatermain systemd[1]: Reached target Remote File Systems.
Jan 03 11:50:27 quatermain systemd[1]: Starting LSB: Prepare console...
Jan 03 11:50:27 quatermain systemd[1]: Mounted Huge Pages File System.
Jan 03 11:50:27 quatermain systemd[1]: Mounted POSIX Message Queue File System.
Jan 03 11:50:27 quatermain systemd[1]: Mounted Debug File System.
Jan 03 11:50:27 quatermain systemd[1]: Started Create list of required static device nodes for the current kernel.
Jan 03 11:50:27 quatermain systemd[1]: Started Nameserver information manager.
Jan 03 11:50:27 quatermain systemd[1]: Started Load Kernel Modules.
Jan 03 11:50:27 quatermain systemd[1]: Starting Apply Kernel Variables...
Jan 03 11:50:27 quatermain systemd[1]: Starting Create Static Device Nodes in /dev...
Jan 03 11:50:27 quatermain systemd[1]: Started Apply Kernel Variables.
Jan 03 11:50:27 quatermain systemd[1]: Started Create Static Device Nodes in /dev.
Jan 03 11:50:27 quatermain systemd[1]: Starting udev Kernel Device Manager...
Jan 03 11:50:27 quatermain systemd[1]: Started LSB: Prepare console.
Jan 03 11:50:27 quatermain systemd[1]: Starting LSB: Set console font and keymap...
Jan 03 11:50:27 quatermain systemd[1]: Started Journal Service.
Jan 03 11:50:27 quatermain kernel: cfg80211: World regulatory domain updated:
Jan 03 11:50:27 quatermain kernel: cfg80211:  DFS Master region: unset
Jan 03 11:50:27 quatermain kernel: cfg80211:   (start_freq - end_freq @ bandwidth), (max_antenna_gain, max_eirp), (dfs_cac_time)
Jan 03 11:50:27 quatermain kernel: cfg80211:   (2402000 KHz - 2472000 KHz @ 40000 KHz), (N/A, 2000 mBm), (N/A)
Jan 03 11:50:27 quatermain kernel: cfg80211:   (2457000 KHz - 2482000 KHz @ 40000 KHz), (N/A, 2000 mBm), (N/A)
Jan 03 11:50:27 quatermain kernel: cfg80211:   (2474000 KHz - 2494000 KHz @ 20000 KHz), (N/A, 2000 mBm), (N/A)
Jan 03 11:50:27 quatermain kernel: cfg80211:   (5170000 KHz - 5250000 KHz @ 80000 KHz, 160000 KHz AUTO), (N/A, 2000 mBm), (N/A)
Jan 03 11:50:27 quatermain kernel: cfg80211:   (5250000 KHz - 5330000 KHz @ 80000 KHz, 160000 KHz AUTO), (N/A, 2000 mBm), (0 s)
Jan 03 11:50:27 quatermain kernel: cfg80211:   (5490000 KHz - 5730000 KHz @ 160000 KHz), (N/A, 2000 mBm), (0 s)
Jan 03 11:50:27 quatermain kernel: cfg80211:   (5735000 KHz - 5835000 KHz @ 80000 KHz), (N/A, 2000 mBm), (N/A)
Jan 03 11:50:27 quatermain kernel: cfg80211:   (57240000 KHz - 63720000 KHz @ 2160000 KHz), (N/A, 0 mBm), (N/A)
Jan 03 11:50:27 quatermain kernel: EXT4-fs (dm-0): re-mounted. Opts: discard,errors=remount-ro
Jan 03 11:50:27 quatermain kernel: input: Sleep Button as /devices/LNXSYSTM:00/LNXSYBUS:00/PNP0C0E:00/input/input1
Jan 03 11:50:27 quatermain kernel: ACPI: Sleep Button [SLPB]
Jan 03 11:50:27 quatermain kernel: input: Lid Switch as /devices/LNXSYSTM:00/LNXSYBUS:00/PNP0C0D:00/input/input2
Jan 03 11:50:27 quatermain kernel: ACPI: Lid Switch [LID0]
Jan 03 11:50:27 quatermain kernel: input: Power Button as /devices/LNXSYSTM:00/LNXPWRBN:00/input/input3
Jan 03 11:50:27 quatermain kernel: ACPI: Power Button [PWRF]
Jan 03 11:50:27 quatermain kernel: tpm_crb MSFT0101:00: TPM2 ACPI table has a zero address for the control area
Jan 03 11:50:27 quatermain kernel: tpm_crb: probe of MSFT0101:00 failed with error -22
Jan 03 11:50:27 quatermain kernel: ACPI: AC Adapter [ADP1] (on-line)
Jan 03 11:50:27 quatermain kernel: input: PC Speaker as /devices/platform/pcspkr/input/input4
Jan 03 11:50:27 quatermain kernel: EFI Variables Facility v0.08 2004-May-17
Jan 03 11:50:27 quatermain kernel: usb 1-7: new full-speed USB device number 2 using xhci_hcd
Jan 03 11:50:27 quatermain kernel: [drm] Initialized drm 1.1.0 20060810
Jan 03 11:50:27 quatermain kernel: intel-lpss 0000:00:15.0: enabling device (0000 -> 0002)
Jan 03 11:50:27 quatermain kernel: pstore: Registered efi as persistent store backend
Jan 03 11:50:27 quatermain kernel: AVX2 version of gcm_enc/dec engaged.
Jan 03 11:50:27 quatermain kernel: AES CTR mode by8 optimization enabled
Jan 03 11:50:27 quatermain kernel: ACPI: Battery Slot [BAT1] (battery present)
Jan 03 11:50:27 quatermain kernel: intel-lpss 0000:00:15.1: enabling device (0000 -> 0002)
Jan 03 11:50:28 quatermain kernel: intel-lpss 0000:00:15.2: enabling device (0000 -> 0002)
Jan 03 11:50:28 quatermain kernel: sha256_ssse3: Using AVX2 optimized SHA-256 implementation
Jan 03 11:50:28 quatermain kernel: intel-lpss 0000:00:15.3: enabling device (0000 -> 0002)
Jan 03 11:50:28 quatermain kernel: shpchp: Standard Hot Plug PCI Controller Driver version: 0.4
Jan 03 11:50:28 quatermain kernel: mei_me 0000:00:16.0: enabling device (0000 -> 0002)
Jan 03 11:50:28 quatermain kernel: mwifiex_pcie 0000:02:00.0: enabling device (0000 -> 0002)
Jan 03 11:50:28 quatermain kernel: mwifiex: rx work enabled, cpus 8
Jan 03 11:50:28 quatermain kernel: i801_smbus 0000:00:1f.4: enabling device (0000 -> 0003)
Jan 03 11:50:28 quatermain kernel: ACPI Warning: SystemIO range 0x000000000000EFA0-0x000000000000EFBF conflicts with OpRegion 0x000000000000EFA0-0x000000000000EFAF (\_SB_.PCI0.SBUS.SMBI) (20150818/utaddress-254)
Jan 03 11:50:28 quatermain kernel: ACPI: If an ACPI driver is available for this device, you should use it instead of the native driver
Jan 03 11:50:28 quatermain kernel: snd_hda_intel 0000:00:1f.3: enabling device (0000 -> 0002)
Jan 03 11:50:28 quatermain kernel: [drm] Found 128MB of eLLC
Jan 03 11:50:28 quatermain kernel: mwifiex_pcie 0000:02:00.0: firmware: direct-loading firmware mrvl/pcie8897_uapsta.bin
Jan 03 11:50:28 quatermain kernel: [drm] Memory usable by graphics device = 4096M
Jan 03 11:50:28 quatermain kernel: checking generic (90000000 130a000) vs hw (90000000 10000000)
Jan 03 11:50:28 quatermain kernel: fb: switching to inteldrmfb from simple
Jan 03 11:50:28 quatermain kernel: Console: switching to colour dummy device 80x25
Jan 03 11:50:28 quatermain kernel: [drm] Replacing VGA console driver
Jan 03 11:50:28 quatermain kernel: i915 0000:00:02.0: firmware: direct-loading firmware i915/skl_dmc_ver1.bin
Jan 03 11:50:28 quatermain kernel: [drm:finish_csr_load [i915]] *ERROR* Unknown stepping info, firmware loading failed
Jan 03 11:50:28 quatermain kernel: [drm] Supports vblank timestamp caching Rev 2 (21.10.2013).
Jan 03 11:50:28 quatermain kernel: [drm] Driver supports precise vblank timestamp query.
Jan 03 11:50:28 quatermain kernel: vgaarb: device changed decodes: PCI:0000:00:02.0,olddecodes=io+mem,decodes=io+mem:owns=io+mem
Jan 03 11:50:28 quatermain kernel: Adding 12582908k swap on /dev/mapper/lvm--quatermain-swap.  Priority:-1 extents:1 across:12582908k SSFS
Jan 03 11:50:28 quatermain kernel: usb 1-7: New USB device found, idVendor=045e, idProduct=07e8
Jan 03 11:50:28 quatermain kernel: usb 1-7: New USB device strings: Mfr=1, Product=2, SerialNumber=0
Jan 03 11:50:28 quatermain kernel: usb 1-7: Product: Surface Type Cover
Jan 03 11:50:28 quatermain kernel: usb 1-7: Manufacturer: Microsoft
Jan 03 11:50:28 quatermain kernel: [drm:intel_display_power_put [i915]] *ERROR* CSR firmware not ready (2)
Jan 03 11:50:28 quatermain kernel: ------------[ cut here ]------------
Jan 03 11:50:28 quatermain kernel: WARNING: CPU: 3 PID: 543 at drivers/gpu/drm/i915/intel_csr.c:458 assert_csr_loaded+0x94/0xf0 [i915]()
Jan 03 11:50:28 quatermain kernel: CSR is not loaded.
Jan 03 11:50:28 quatermain kernel: Modules linked in: mwifiex_pcie mwifiex jitterentropy_rng sha256_ssse3 sha256_generic hmac drbg ansi_cprng aesni_intel aes_x86_64 lrw gf128mul glue_helper ablk_helper cryptd i915(+) snd_hda_intel drm_kms_helper snd_hda_codec snd_hda_core drm efi_pstore snd_hwdep snd_pcm snd_timer snd efivars soundcore mei_me i2c_i801 pcspkr i2c_algo_bit shpchp mei intel_lpss_pci evdev soc_button_array battery ac tpm_crb tpm intel_lpss_acpi intel_lpss video mfd_core acpi_pad button processor mwl8k mac80211 cfg80211 rfkill efivarfs autofs4 ext4 crc16 mbcache jbd2 dm_mod hid_multitouch crc32c_intel xhci_pci xhci_hcd usbcore usb_common i2c_hid hid thermal
Jan 03 11:50:28 quatermain kernel: CPU: 3 PID: 543 Comm: kworker/u16:3 Not tainted 4.3.3-mssp4 #6
Jan 03 11:50:28 quatermain kernel: Hardware name: Microsoft Corporation Surface Pro 4/Surface Pro 4, BIOS 103.873.768 11/09/2015
Jan 03 11:50:28 quatermain kernel: Workqueue: events_unbound async_run_entry_fn
Jan 03 11:50:28 quatermain kernel:  0000000000000000 000000005542c4fe ffffffff812e1829 ffff880264b77bf8
Jan 03 11:50:28 quatermain kernel:  ffffffff81074451 ffff880262690000 ffff880264b77c50 0000000000000002
Jan 03 11:50:28 quatermain kernel:  0000000000000001 ffff880264bc3800 ffffffff810744dc ffffffffa061d0bf
Jan 03 11:50:28 quatermain kernel: Call Trace:
Jan 03 11:50:28 quatermain kernel:  [<ffffffff812e1829>] ? dump_stack+0x40/0x57
Jan 03 11:50:28 quatermain kernel:  [<ffffffff81074451>] ? warn_slowpath_common+0x81/0xb0
Jan 03 11:50:28 quatermain kernel:  [<ffffffff810744dc>] ? warn_slowpath_fmt+0x5c/0x80
Jan 03 11:50:28 quatermain kernel:  [<ffffffffa0594ab4>] ? gen9_read32+0xf4/0x2c0 [i915]
Jan 03 11:50:28 quatermain kernel:  [<ffffffffa05503d4>] ? assert_csr_loaded+0x94/0xf0 [i915]
Jan 03 11:50:28 quatermain kernel:  [<ffffffffa055e923>] ? skl_set_power_well+0x773/0x9d0 [i915]
Jan 03 11:50:28 quatermain kernel:  [<ffffffffa055edfc>] ? intel_display_power_get+0x9c/0xe0 [i915]
Jan 03 11:50:28 quatermain kernel:  [<ffffffffa05d729a>] ? intel_dp_detect+0xba/0x500 [i915]
Jan 03 11:50:28 quatermain kernel:  [<ffffffffa0505b5b>] ? drm_helper_probe_single_connector_modes_merge_bits+0x28b/0x4a0 [drm_kms_helper]
Jan 03 11:50:28 quatermain kernel:  [<ffffffffa0510055>] ? drm_fb_helper_probe_connector_modes.isra.3+0x45/0x60 [drm_kms_helper]
Jan 03 11:50:28 quatermain kernel:  [<ffffffffa0511271>] ? drm_fb_helper_initial_config+0x51/0x3d0 [drm_kms_helper]
Jan 03 11:50:28 quatermain kernel:  [<ffffffff810949f5>] ? async_run_entry_fn+0x45/0x140
Jan 03 11:50:28 quatermain kernel:  [<ffffffff8108c4ca>] ? process_one_work+0x14a/0x3d0
Jan 03 11:50:28 quatermain kernel:  [<ffffffff8108cf05>] ? worker_thread+0x65/0x460
Jan 03 11:50:28 quatermain kernel:  [<ffffffff8108cea0>] ? rescuer_thread+0x310/0x310
Jan 03 11:50:28 quatermain kernel:  [<ffffffff810921bf>] ? kthread+0xdf/0x100
Jan 03 11:50:28 quatermain kernel:  [<ffffffff810920e0>] ? kthread_park+0x50/0x50
Jan 03 11:50:28 quatermain kernel:  [<ffffffff8158e21f>] ? ret_from_fork+0x3f/0x70
Jan 03 11:50:28 quatermain kernel:  [<ffffffff810920e0>] ? kthread_park+0x50/0x50
Jan 03 11:50:28 quatermain kernel: ---[ end trace 45ea4e53adfd8505 ]---
Jan 03 11:50:28 quatermain kernel: ------------[ cut here ]------------
Jan 03 11:50:28 quatermain kernel: WARNING: CPU: 3 PID: 543 at drivers/gpu/drm/i915/intel_csr.c:461 assert_csr_loaded+0xc8/0xf0 [i915]()
Jan 03 11:50:28 quatermain kernel: CSR SSP Base Not fine
Jan 03 11:50:28 quatermain kernel: Modules linked in: mwifiex_pcie mwifiex jitterentropy_rng sha256_ssse3 sha256_generic hmac drbg ansi_cprng aesni_intel aes_x86_64 lrw gf128mul glue_helper ablk_helper cryptd i915(+) snd_hda_intel drm_kms_helper snd_hda_codec snd_hda_core drm efi_pstore snd_hwdep snd_pcm snd_timer snd efivars soundcore mei_me i2c_i801 pcspkr i2c_algo_bit shpchp mei intel_lpss_pci evdev soc_button_array battery ac tpm_crb tpm intel_lpss_acpi intel_lpss video mfd_core acpi_pad button processor mwl8k mac80211 cfg80211 rfkill efivarfs autofs4 ext4 crc16 mbcache jbd2 dm_mod hid_multitouch crc32c_intel xhci_pci xhci_hcd usbcore usb_common i2c_hid hid thermal
Jan 03 11:50:28 quatermain kernel: CPU: 3 PID: 543 Comm: kworker/u16:3 Tainted: G        W       4.3.3-mssp4 #6
Jan 03 11:50:28 quatermain kernel: Hardware name: Microsoft Corporation Surface Pro 4/Surface Pro 4, BIOS 103.873.768 11/09/2015
Jan 03 11:50:28 quatermain kernel: Workqueue: events_unbound async_run_entry_fn
Jan 03 11:50:28 quatermain kernel:  0000000000000000 000000005542c4fe ffffffff812e1829 ffff880264b77bf8
Jan 03 11:50:28 quatermain kernel:  ffffffff81074451 ffff880262690000 ffff880264b77c50 0000000000000002
Jan 03 11:50:28 quatermain kernel:  0000000000000001 ffff880264bc3800 ffffffff810744dc ffffffffa061d0d3
Jan 03 11:50:28 quatermain kernel: Call Trace:
Jan 03 11:50:28 quatermain kernel:  [<ffffffff812e1829>] ? dump_stack+0x40/0x57
Jan 03 11:50:28 quatermain kernel:  [<ffffffff81074451>] ? warn_slowpath_common+0x81/0xb0
Jan 03 11:50:28 quatermain kernel:  [<ffffffff810744dc>] ? warn_slowpath_fmt+0x5c/0x80
Jan 03 11:50:28 quatermain kernel:  [<ffffffffa0550408>] ? assert_csr_loaded+0xc8/0xf0 [i915]
Jan 03 11:50:28 quatermain kernel:  [<ffffffffa055e923>] ? skl_set_power_well+0x773/0x9d0 [i915]
Jan 03 11:50:28 quatermain kernel:  [<ffffffffa055edfc>] ? intel_display_power_get+0x9c/0xe0 [i915]
Jan 03 11:50:28 quatermain kernel:  [<ffffffffa05d729a>] ? intel_dp_detect+0xba/0x500 [i915]
Jan 03 11:50:28 quatermain kernel:  [<ffffffffa0505b5b>] ? drm_helper_probe_single_connector_modes_merge_bits+0x28b/0x4a0 [drm_kms_helper]
Jan 03 11:50:28 quatermain kernel:  [<ffffffffa0510055>] ? drm_fb_helper_probe_connector_modes.isra.3+0x45/0x60 [drm_kms_helper]
Jan 03 11:50:28 quatermain kernel:  [<ffffffffa0511271>] ? drm_fb_helper_initial_config+0x51/0x3d0 [drm_kms_helper]
Jan 03 11:50:28 quatermain kernel:  [<ffffffff810949f5>] ? async_run_entry_fn+0x45/0x140
Jan 03 11:50:28 quatermain kernel:  [<ffffffff8108c4ca>] ? process_one_work+0x14a/0x3d0
Jan 03 11:50:28 quatermain kernel:  [<ffffffff8108cf05>] ? worker_thread+0x65/0x460
Jan 03 11:50:28 quatermain kernel:  [<ffffffff8108cea0>] ? rescuer_thread+0x310/0x310
Jan 03 11:50:28 quatermain kernel:  [<ffffffff810921bf>] ? kthread+0xdf/0x100
Jan 03 11:50:28 quatermain kernel:  [<ffffffff810920e0>] ? kthread_park+0x50/0x50
Jan 03 11:50:28 quatermain kernel:  [<ffffffff8158e21f>] ? ret_from_fork+0x3f/0x70
Jan 03 11:50:28 quatermain kernel:  [<ffffffff810920e0>] ? kthread_park+0x50/0x50
Jan 03 11:50:28 quatermain kernel: ---[ end trace 45ea4e53adfd8506 ]---
Jan 03 11:50:28 quatermain kernel: ------------[ cut here ]------------
Jan 03 11:50:28 quatermain kernel: WARNING: CPU: 3 PID: 543 at drivers/gpu/drm/i915/intel_csr.c:462 skl_set_power_well+0x773/0x9d0 [i915]()
Jan 03 11:50:28 quatermain kernel: CSR HTP Not fine
Jan 03 11:50:28 quatermain kernel: Modules linked in: mwifiex_pcie mwifiex jitterentropy_rng sha256_ssse3 sha256_generic hmac drbg ansi_cprng aesni_intel aes_x86_64 lrw gf128mul glue_helper ablk_helper cryptd i915(+) snd_hda_intel drm_kms_helper snd_hda_codec snd_hda_core drm efi_pstore snd_hwdep snd_pcm snd_timer snd efivars soundcore mei_me i2c_i801 pcspkr i2c_algo_bit shpchp mei intel_lpss_pci evdev soc_button_array battery ac tpm_crb tpm intel_lpss_acpi intel_lpss video mfd_core acpi_pad button processor mwl8k mac80211 cfg80211 rfkill efivarfs autofs4 ext4 crc16 mbcache jbd2 dm_mod hid_multitouch crc32c_intel xhci_pci xhci_hcd usbcore usb_common i2c_hid hid thermal
Jan 03 11:50:28 quatermain kernel: CPU: 3 PID: 543 Comm: kworker/u16:3 Tainted: G        W       4.3.3-mssp4 #6
Jan 03 11:50:28 quatermain kernel: Hardware name: Microsoft Corporation Surface Pro 4/Surface Pro 4, BIOS 103.873.768 11/09/2015
Jan 03 11:50:28 quatermain kernel: Workqueue: events_unbound async_run_entry_fn
Jan 03 11:50:28 quatermain kernel:  0000000000000000 000000005542c4fe ffffffff812e1829 ffff880264b77c18
Jan 03 11:50:28 quatermain kernel:  ffffffff81074451 ffff880262690000 ffff880264b77c70 000000003000000f
Jan 03 11:50:28 quatermain kernel:  0000000000000001 ffff880264bc3800 ffffffff810744dc ffffffffa061d0ea
Jan 03 11:50:28 quatermain kernel: Call Trace:
Jan 03 11:50:28 quatermain kernel:  [<ffffffff812e1829>] ? dump_stack+0x40/0x57
Jan 03 11:50:28 quatermain kernel:  [<ffffffff81074451>] ? warn_slowpath_common+0x81/0xb0
Jan 03 11:50:28 quatermain kernel:  [<ffffffff810744dc>] ? warn_slowpath_fmt+0x5c/0x80
Jan 03 11:50:28 quatermain kernel:  [<ffffffffa055e923>] ? skl_set_power_well+0x773/0x9d0 [i915]
Jan 03 11:50:28 quatermain kernel:  [<ffffffffa055edfc>] ? intel_display_power_get+0x9c/0xe0 [i915]
Jan 03 11:50:28 quatermain kernel:  [<ffffffffa05d729a>] ? intel_dp_detect+0xba/0x500 [i915]
Jan 03 11:50:28 quatermain kernel:  [<ffffffffa0505b5b>] ? drm_helper_probe_single_connector_modes_merge_bits+0x28b/0x4a0 [drm_kms_helper]
Jan 03 11:50:28 quatermain kernel:  [<ffffffffa0510055>] ? drm_fb_helper_probe_connector_modes.isra.3+0x45/0x60 [drm_kms_helper]
Jan 03 11:50:28 quatermain kernel:  [<ffffffffa0511271>] ? drm_fb_helper_initial_config+0x51/0x3d0 [drm_kms_helper]
Jan 03 11:50:28 quatermain kernel:  [<ffffffff810949f5>] ? async_run_entry_fn+0x45/0x140
Jan 03 11:50:28 quatermain kernel:  [<ffffffff8108c4ca>] ? process_one_work+0x14a/0x3d0
Jan 03 11:50:28 quatermain kernel:  [<ffffffff8108cf05>] ? worker_thread+0x65/0x460
Jan 03 11:50:28 quatermain kernel:  [<ffffffff8108cea0>] ? rescuer_thread+0x310/0x310
Jan 03 11:50:28 quatermain kernel:  [<ffffffff810921bf>] ? kthread+0xdf/0x100
Jan 03 11:50:28 quatermain kernel:  [<ffffffff810920e0>] ? kthread_park+0x50/0x50
Jan 03 11:50:28 quatermain kernel:  [<ffffffff8158e21f>] ? ret_from_fork+0x3f/0x70
Jan 03 11:50:28 quatermain kernel:  [<ffffffff810920e0>] ? kthread_park+0x50/0x50
Jan 03 11:50:28 quatermain kernel: ---[ end trace 45ea4e53adfd8507 ]---
Jan 03 11:50:28 quatermain kernel: ------------[ cut here ]------------
Jan 03 11:50:28 quatermain kernel: WARNING: CPU: 3 PID: 543 at drivers/gpu/drm/i915/intel_runtime_pm.c:551 skl_set_power_well+0x7b2/0x9d0 [i915]()
Jan 03 11:50:28 quatermain kernel: DC6 already programmed to be disabled.
Jan 03 11:50:28 quatermain kernel: Modules linked in: mwifiex_pcie mwifiex jitterentropy_rng sha256_ssse3 sha256_generic hmac drbg ansi_cprng aesni_intel aes_x86_64 lrw gf128mul glue_helper ablk_helper cryptd i915(+) snd_hda_intel drm_kms_helper snd_hda_codec snd_hda_core drm efi_pstore snd_hwdep snd_pcm snd_timer snd efivars soundcore mei_me i2c_i801 pcspkr i2c_algo_bit shpchp mei intel_lpss_pci evdev soc_button_array battery ac tpm_crb tpm intel_lpss_acpi intel_lpss video mfd_core acpi_pad button processor mwl8k mac80211 cfg80211 rfkill efivarfs autofs4 ext4 crc16 mbcache jbd2 dm_mod hid_multitouch crc32c_intel xhci_pci xhci_hcd usbcore usb_common i2c_hid hid thermal
Jan 03 11:50:28 quatermain kernel: CPU: 3 PID: 543 Comm: kworker/u16:3 Tainted: G        W       4.3.3-mssp4 #6
Jan 03 11:50:28 quatermain kernel: Hardware name: Microsoft Corporation Surface Pro 4/Surface Pro 4, BIOS 103.873.768 11/09/2015
Jan 03 11:50:28 quatermain kernel: Workqueue: events_unbound async_run_entry_fn
Jan 03 11:50:28 quatermain kernel:  0000000000000000 000000005542c4fe ffffffff812e1829 ffff880264b77c18
Jan 03 11:50:28 quatermain kernel:  ffffffff81074451 ffff880262690000 ffff880264b77c70 000000003000000f
Jan 03 11:50:28 quatermain kernel:  0000000000000001 ffff880264bc3800 ffffffff810744dc ffffffffa060c3f0
Jan 03 11:50:28 quatermain kernel: Call Trace:
Jan 03 11:50:28 quatermain kernel:  [<ffffffff812e1829>] ? dump_stack+0x40/0x57
Jan 03 11:50:28 quatermain kernel:  [<ffffffff81074451>] ? warn_slowpath_common+0x81/0xb0
Jan 03 11:50:28 quatermain kernel:  [<ffffffff810744dc>] ? warn_slowpath_fmt+0x5c/0x80
Jan 03 11:50:28 quatermain kernel:  [<ffffffffa055e962>] ? skl_set_power_well+0x7b2/0x9d0 [i915]
Jan 03 11:50:28 quatermain kernel:  [<ffffffffa055edfc>] ? intel_display_power_get+0x9c/0xe0 [i915]
Jan 03 11:50:28 quatermain kernel:  [<ffffffffa05d729a>] ? intel_dp_detect+0xba/0x500 [i915]
Jan 03 11:50:28 quatermain kernel:  [<ffffffffa0505b5b>] ? drm_helper_probe_single_connector_modes_merge_bits+0x28b/0x4a0 [drm_kms_helper]
Jan 03 11:50:28 quatermain kernel:  [<ffffffffa0510055>] ? drm_fb_helper_probe_connector_modes.isra.3+0x45/0x60 [drm_kms_helper]
Jan 03 11:50:28 quatermain kernel:  [<ffffffffa0511271>] ? drm_fb_helper_initial_config+0x51/0x3d0 [drm_kms_helper]
Jan 03 11:50:28 quatermain kernel:  [<ffffffff810949f5>] ? async_run_entry_fn+0x45/0x140
Jan 03 11:50:28 quatermain kernel:  [<ffffffff8108c4ca>] ? process_one_work+0x14a/0x3d0
Jan 03 11:50:28 quatermain kernel:  [<ffffffff8108cf05>] ? worker_thread+0x65/0x460
Jan 03 11:50:28 quatermain kernel:  [<ffffffff8108cea0>] ? rescuer_thread+0x310/0x310
Jan 03 11:50:28 quatermain kernel:  [<ffffffff810921bf>] ? kthread+0xdf/0x100
Jan 03 11:50:28 quatermain kernel:  [<ffffffff810920e0>] ? kthread_park+0x50/0x50
Jan 03 11:50:28 quatermain kernel:  [<ffffffff8158e21f>] ? ret_from_fork+0x3f/0x70
Jan 03 11:50:28 quatermain kernel:  [<ffffffff810920e0>] ? kthread_park+0x50/0x50
Jan 03 11:50:28 quatermain kernel: ---[ end trace 45ea4e53adfd8508 ]---
Jan 03 11:50:28 quatermain kernel: [drm:intel_display_power_put [i915]] *ERROR* CSR firmware not ready (2)
Jan 03 11:50:28 quatermain kernel: ------------[ cut here ]------------
Jan 03 11:50:28 quatermain kernel: WARNING: CPU: 1 PID: 543 at drivers/gpu/drm/i915/intel_csr.c:458 assert_csr_loaded+0x94/0xf0 [i915]()
Jan 03 11:50:28 quatermain kernel: CSR is not loaded.
Jan 03 11:50:28 quatermain kernel: Modules linked in: crct10dif_pclmul crc32_pclmul i2c_designware_platform(+) ghash_clmulni_intel(-) i2c_designware_core mwifiex_pcie mwifiex jitterentropy_rng sha256_ssse3 sha256_generic hmac drbg ansi_cprng aesni_intel aes_x86_64 lrw gf128mul glue_helper ablk_helper cryptd i915(+) snd_hda_intel drm_kms_helper snd_hda_codec snd_hda_core drm efi_pstore snd_hwdep snd_pcm snd_timer snd efivars soundcore mei_me i2c_i801 pcspkr i2c_algo_bit shpchp mei intel_lpss_pci evdev soc_button_array battery ac tpm_crb tpm intel_lpss_acpi intel_lpss video mfd_core acpi_pad button processor mwl8k mac80211 cfg80211 rfkill efivarfs autofs4 ext4 crc16 mbcache jbd2 dm_mod hid_multitouch crc32c_intel xhci_pci xhci_hcd usbcore usb_common i2c_hid hid thermal
Jan 03 11:50:28 quatermain kernel: CPU: 1 PID: 543 Comm: kworker/u16:3 Tainted: G        W       4.3.3-mssp4 #6
Jan 03 11:50:28 quatermain kernel: Hardware name: Microsoft Corporation Surface Pro 4/Surface Pro 4, BIOS 103.873.768 11/09/2015
Jan 03 11:50:28 quatermain kernel: Workqueue: events_unbound async_run_entry_fn
Jan 03 11:50:28 quatermain kernel:  0000000000000000 000000005542c4fe ffffffff812e1829 ffff880264b77bf8
Jan 03 11:50:28 quatermain kernel:  ffffffff81074451 ffff880262690000 ffff880264b77c50 0000000000000002
Jan 03 11:50:28 quatermain kernel:  0000000000000001 ffff880264bc3800 ffffffff810744dc ffffffffa061d0bf
Jan 03 11:50:28 quatermain kernel: Call Trace:
Jan 03 11:50:28 quatermain kernel:  [<ffffffff812e1829>] ? dump_stack+0x40/0x57
Jan 03 11:50:28 quatermain kernel:  [<ffffffff81074451>] ? warn_slowpath_common+0x81/0xb0
Jan 03 11:50:28 quatermain kernel:  [<ffffffff810744dc>] ? warn_slowpath_fmt+0x5c/0x80
Jan 03 11:50:28 quatermain kernel:  [<ffffffffa0594ab4>] ? gen9_read32+0xf4/0x2c0 [i915]
Jan 03 11:50:28 quatermain kernel:  [<ffffffffa05503d4>] ? assert_csr_loaded+0x94/0xf0 [i915]
Jan 03 11:50:28 quatermain kernel:  [<ffffffffa055e923>] ? skl_set_power_well+0x773/0x9d0 [i915]
Jan 03 11:50:28 quatermain kernel:  [<ffffffffa055edfc>] ? intel_display_power_get+0x9c/0xe0 [i915]
Jan 03 11:50:28 quatermain kernel:  [<ffffffffa05e2423>] ? intel_hdmi_set_edid+0x33/0xe0 [i915]
Jan 03 11:50:28 quatermain kernel:  [<ffffffffa05e25ad>] ? intel_hdmi_detect+0x4d/0x90 [i915]
Jan 03 11:50:28 quatermain kernel:  [<ffffffffa0505b5b>] ? drm_helper_probe_single_connector_modes_merge_bits+0x28b/0x4a0 [drm_kms_helper]
Jan 03 11:50:28 quatermain kernel:  [<ffffffffa0510055>] ? drm_fb_helper_probe_connector_modes.isra.3+0x45/0x60 [drm_kms_helper]
Jan 03 11:50:28 quatermain kernel:  [<ffffffffa0511271>] ? drm_fb_helper_initial_config+0x51/0x3d0 [drm_kms_helper]
Jan 03 11:50:28 quatermain kernel:  [<ffffffff810949f5>] ? async_run_entry_fn+0x45/0x140
Jan 03 11:50:28 quatermain kernel:  [<ffffffff8108c4ca>] ? process_one_work+0x14a/0x3d0
Jan 03 11:50:28 quatermain kernel:  [<ffffffff8108cf05>] ? worker_thread+0x65/0x460
Jan 03 11:50:28 quatermain kernel:  [<ffffffff8108cea0>] ? rescuer_thread+0x310/0x310
Jan 03 11:50:28 quatermain kernel:  [<ffffffff810921bf>] ? kthread+0xdf/0x100
Jan 03 11:50:28 quatermain kernel:  [<ffffffff810920e0>] ? kthread_park+0x50/0x50
Jan 03 11:50:28 quatermain kernel:  [<ffffffff8158e21f>] ? ret_from_fork+0x3f/0x70
Jan 03 11:50:28 quatermain kernel:  [<ffffffff810920e0>] ? kthread_park+0x50/0x50
Jan 03 11:50:28 quatermain kernel: ---[ end trace 45ea4e53adfd8509 ]---
Jan 03 11:50:28 quatermain kernel: ------------[ cut here ]------------
Jan 03 11:50:28 quatermain kernel: WARNING: CPU: 1 PID: 543 at drivers/gpu/drm/i915/intel_csr.c:461 assert_csr_loaded+0xc8/0xf0 [i915]()
Jan 03 11:50:28 quatermain kernel: CSR SSP Base Not fine
Jan 03 11:50:28 quatermain kernel: Modules linked in: crct10dif_pclmul crc32_pclmul i2c_designware_platform(+) ghash_clmulni_intel(-) i2c_designware_core mwifiex_pcie mwifiex jitterentropy_rng sha256_ssse3 sha256_generic hmac drbg ansi_cprng aesni_intel aes_x86_64 lrw gf128mul glue_helper ablk_helper cryptd i915(+) snd_hda_intel drm_kms_helper snd_hda_codec snd_hda_core drm efi_pstore snd_hwdep snd_pcm snd_timer snd efivars soundcore mei_me i2c_i801 pcspkr i2c_algo_bit shpchp mei intel_lpss_pci evdev soc_button_array battery ac tpm_crb tpm intel_lpss_acpi intel_lpss video mfd_core acpi_pad button processor mwl8k mac80211 cfg80211 rfkill efivarfs autofs4 ext4 crc16 mbcache jbd2 dm_mod hid_multitouch crc32c_intel xhci_pci xhci_hcd usbcore usb_common i2c_hid hid thermal
Jan 03 11:50:28 quatermain kernel: CPU: 1 PID: 543 Comm: kworker/u16:3 Tainted: G        W       4.3.3-mssp4 #6
Jan 03 11:50:28 quatermain kernel: Hardware name: Microsoft Corporation Surface Pro 4/Surface Pro 4, BIOS 103.873.768 11/09/2015
Jan 03 11:50:28 quatermain kernel: Workqueue: events_unbound async_run_entry_fn
Jan 03 11:50:28 quatermain kernel:  0000000000000000 000000005542c4fe ffffffff812e1829 ffff880264b77bf8
Jan 03 11:50:28 quatermain kernel:  ffffffff81074451 ffff880262690000 ffff880264b77c50 0000000000000002
Jan 03 11:50:28 quatermain kernel:  0000000000000001 ffff880264bc3800 ffffffff810744dc ffffffffa061d0d3
Jan 03 11:50:28 quatermain kernel: Call Trace:
Jan 03 11:50:28 quatermain kernel:  [<ffffffff812e1829>] ? dump_stack+0x40/0x57
Jan 03 11:50:28 quatermain kernel:  [<ffffffff81074451>] ? warn_slowpath_common+0x81/0xb0
Jan 03 11:50:28 quatermain kernel:  [<ffffffff810744dc>] ? warn_slowpath_fmt+0x5c/0x80
Jan 03 11:50:28 quatermain kernel:  [<ffffffffa0550408>] ? assert_csr_loaded+0xc8/0xf0 [i915]
Jan 03 11:50:28 quatermain kernel:  [<ffffffffa055e923>] ? skl_set_power_well+0x773/0x9d0 [i915]
Jan 03 11:50:28 quatermain kernel:  [<ffffffffa055edfc>] ? intel_display_power_get+0x9c/0xe0 [i915]
Jan 03 11:50:28 quatermain kernel:  [<ffffffffa05e2423>] ? intel_hdmi_set_edid+0x33/0xe0 [i915]
Jan 03 11:50:28 quatermain kernel:  [<ffffffffa05e25ad>] ? intel_hdmi_detect+0x4d/0x90 [i915]
Jan 03 11:50:28 quatermain kernel:  [<ffffffffa0505b5b>] ? drm_helper_probe_single_connector_modes_merge_bits+0x28b/0x4a0 [drm_kms_helper]
Jan 03 11:50:28 quatermain kernel:  [<ffffffffa0510055>] ? drm_fb_helper_probe_connector_modes.isra.3+0x45/0x60 [drm_kms_helper]
Jan 03 11:50:28 quatermain kernel:  [<ffffffffa0511271>] ? drm_fb_helper_initial_config+0x51/0x3d0 [drm_kms_helper]
Jan 03 11:50:28 quatermain kernel:  [<ffffffff810949f5>] ? async_run_entry_fn+0x45/0x140
Jan 03 11:50:28 quatermain kernel:  [<ffffffff8108c4ca>] ? process_one_work+0x14a/0x3d0
Jan 03 11:50:28 quatermain kernel:  [<ffffffff8108cf05>] ? worker_thread+0x65/0x460
Jan 03 11:50:28 quatermain kernel:  [<ffffffff8108cea0>] ? rescuer_thread+0x310/0x310
Jan 03 11:50:28 quatermain kernel:  [<ffffffff810921bf>] ? kthread+0xdf/0x100
Jan 03 11:50:28 quatermain kernel:  [<ffffffff810920e0>] ? kthread_park+0x50/0x50
Jan 03 11:50:28 quatermain kernel:  [<ffffffff8158e21f>] ? ret_from_fork+0x3f/0x70
Jan 03 11:50:28 quatermain kernel:  [<ffffffff810920e0>] ? kthread_park+0x50/0x50
Jan 03 11:50:28 quatermain kernel: ---[ end trace 45ea4e53adfd850a ]---
Jan 03 11:50:28 quatermain kernel: ------------[ cut here ]------------
Jan 03 11:50:28 quatermain kernel: WARNING: CPU: 1 PID: 543 at drivers/gpu/drm/i915/intel_csr.c:462 skl_set_power_well+0x773/0x9d0 [i915]()
Jan 03 11:50:28 quatermain kernel: CSR HTP Not fine
Jan 03 11:50:28 quatermain kernel: Modules linked in: crct10dif_pclmul crc32_pclmul i2c_designware_platform(+) ghash_clmulni_intel(-) i2c_designware_core mwifiex_pcie mwifiex jitterentropy_rng sha256_ssse3 sha256_generic hmac drbg ansi_cprng aesni_intel aes_x86_64 lrw gf128mul glue_helper ablk_helper cryptd i915(+) snd_hda_intel drm_kms_helper snd_hda_codec snd_hda_core drm efi_pstore snd_hwdep snd_pcm snd_timer snd efivars soundcore mei_me i2c_i801 pcspkr i2c_algo_bit shpchp mei intel_lpss_pci evdev soc_button_array battery ac tpm_crb tpm intel_lpss_acpi intel_lpss video mfd_core acpi_pad button processor mwl8k mac80211 cfg80211 rfkill efivarfs autofs4 ext4 crc16 mbcache jbd2 dm_mod hid_multitouch crc32c_intel xhci_pci xhci_hcd usbcore usb_common i2c_hid hid thermal
Jan 03 11:50:28 quatermain kernel: CPU: 1 PID: 543 Comm: kworker/u16:3 Tainted: G        W       4.3.3-mssp4 #6
Jan 03 11:50:28 quatermain kernel: Hardware name: Microsoft Corporation Surface Pro 4/Surface Pro 4, BIOS 103.873.768 11/09/2015
Jan 03 11:50:28 quatermain kernel: Workqueue: events_unbound async_run_entry_fn
Jan 03 11:50:28 quatermain kernel:  0000000000000000 000000005542c4fe ffffffff812e1829 ffff880264b77c18
Jan 03 11:50:28 quatermain kernel:  ffffffff81074451 ffff880262690000 ffff880264b77c70 000000003000000f
Jan 03 11:50:28 quatermain kernel:  0000000000000001 ffff880264bc3800 ffffffff810744dc ffffffffa061d0ea
Jan 03 11:50:28 quatermain kernel: Call Trace:
Jan 03 11:50:28 quatermain kernel:  [<ffffffff812e1829>] ? dump_stack+0x40/0x57
Jan 03 11:50:28 quatermain kernel:  [<ffffffff81074451>] ? warn_slowpath_common+0x81/0xb0
Jan 03 11:50:28 quatermain kernel:  [<ffffffff810744dc>] ? warn_slowpath_fmt+0x5c/0x80
Jan 03 11:50:28 quatermain kernel:  [<ffffffffa055e923>] ? skl_set_power_well+0x773/0x9d0 [i915]
Jan 03 11:50:28 quatermain kernel:  [<ffffffffa055edfc>] ? intel_display_power_get+0x9c/0xe0 [i915]
Jan 03 11:50:28 quatermain kernel:  [<ffffffffa05e2423>] ? intel_hdmi_set_edid+0x33/0xe0 [i915]
Jan 03 11:50:28 quatermain kernel:  [<ffffffffa05e25ad>] ? intel_hdmi_detect+0x4d/0x90 [i915]
Jan 03 11:50:28 quatermain kernel:  [<ffffffffa0505b5b>] ? drm_helper_probe_single_connector_modes_merge_bits+0x28b/0x4a0 [drm_kms_helper]
Jan 03 11:50:28 quatermain kernel:  [<ffffffffa0510055>] ? drm_fb_helper_probe_connector_modes.isra.3+0x45/0x60 [drm_kms_helper]
Jan 03 11:50:28 quatermain kernel:  [<ffffffffa0511271>] ? drm_fb_helper_initial_config+0x51/0x3d0 [drm_kms_helper]
Jan 03 11:50:28 quatermain kernel:  [<ffffffff810949f5>] ? async_run_entry_fn+0x45/0x140
Jan 03 11:50:28 quatermain kernel:  [<ffffffff8108c4ca>] ? process_one_work+0x14a/0x3d0
Jan 03 11:50:28 quatermain kernel:  [<ffffffff8108cf05>] ? worker_thread+0x65/0x460
Jan 03 11:50:28 quatermain kernel:  [<ffffffff8108cea0>] ? rescuer_thread+0x310/0x310
Jan 03 11:50:28 quatermain kernel:  [<ffffffff810921bf>] ? kthread+0xdf/0x100
Jan 03 11:50:28 quatermain kernel:  [<ffffffff810920e0>] ? kthread_park+0x50/0x50
Jan 03 11:50:28 quatermain kernel:  [<ffffffff8158e21f>] ? ret_from_fork+0x3f/0x70
Jan 03 11:50:28 quatermain kernel:  [<ffffffff810920e0>] ? kthread_park+0x50/0x50
Jan 03 11:50:28 quatermain kernel: ---[ end trace 45ea4e53adfd850b ]---
Jan 03 11:50:28 quatermain kernel: ------------[ cut here ]------------
Jan 03 11:50:28 quatermain kernel: WARNING: CPU: 1 PID: 543 at drivers/gpu/drm/i915/intel_runtime_pm.c:551 skl_set_power_well+0x7b2/0x9d0 [i915]()
Jan 03 11:50:28 quatermain kernel: DC6 already programmed to be disabled.
Jan 03 11:50:28 quatermain kernel: Modules linked in: crct10dif_pclmul crc32_pclmul i2c_designware_platform(+) ghash_clmulni_intel(-) i2c_designware_core mwifiex_pcie mwifiex jitterentropy_rng sha256_ssse3 sha256_generic hmac drbg ansi_cprng aesni_intel aes_x86_64 lrw gf128mul glue_helper ablk_helper cryptd i915(+) snd_hda_intel drm_kms_helper snd_hda_codec snd_hda_core drm efi_pstore snd_hwdep snd_pcm snd_timer snd efivars soundcore mei_me i2c_i801 pcspkr i2c_algo_bit shpchp mei intel_lpss_pci evdev soc_button_array battery ac tpm_crb tpm intel_lpss_acpi intel_lpss video mfd_core acpi_pad button processor mwl8k mac80211 cfg80211 rfkill efivarfs autofs4 ext4 crc16 mbcache jbd2 dm_mod hid_multitouch crc32c_intel xhci_pci xhci_hcd usbcore usb_common i2c_hid hid thermal
Jan 03 11:50:28 quatermain kernel: CPU: 1 PID: 543 Comm: kworker/u16:3 Tainted: G        W       4.3.3-mssp4 #6
Jan 03 11:50:28 quatermain kernel: Hardware name: Microsoft Corporation Surface Pro 4/Surface Pro 4, BIOS 103.873.768 11/09/2015
Jan 03 11:50:28 quatermain kernel: Workqueue: events_unbound async_run_entry_fn
Jan 03 11:50:28 quatermain kernel:  0000000000000000 000000005542c4fe ffffffff812e1829 ffff880264b77c18
Jan 03 11:50:28 quatermain kernel:  ffffffff81074451 ffff880262690000 ffff880264b77c70 000000003000000f
Jan 03 11:50:28 quatermain kernel:  0000000000000001 ffff880264bc3800 ffffffff810744dc ffffffffa060c3f0
Jan 03 11:50:28 quatermain kernel: Call Trace:
Jan 03 11:50:28 quatermain kernel:  [<ffffffff812e1829>] ? dump_stack+0x40/0x57
Jan 03 11:50:28 quatermain kernel:  [<ffffffff81074451>] ? warn_slowpath_common+0x81/0xb0
Jan 03 11:50:28 quatermain kernel:  [<ffffffff810744dc>] ? warn_slowpath_fmt+0x5c/0x80
Jan 03 11:50:28 quatermain kernel:  [<ffffffffa055e962>] ? skl_set_power_well+0x7b2/0x9d0 [i915]
Jan 03 11:50:28 quatermain kernel:  [<ffffffffa055edfc>] ? intel_display_power_get+0x9c/0xe0 [i915]
Jan 03 11:50:28 quatermain kernel:  [<ffffffffa05e2423>] ? intel_hdmi_set_edid+0x33/0xe0 [i915]
Jan 03 11:50:28 quatermain kernel:  [<ffffffffa05e25ad>] ? intel_hdmi_detect+0x4d/0x90 [i915]
Jan 03 11:50:28 quatermain kernel:  [<ffffffffa0505b5b>] ? drm_helper_probe_single_connector_modes_merge_bits+0x28b/0x4a0 [drm_kms_helper]
Jan 03 11:50:28 quatermain kernel:  [<ffffffffa0510055>] ? drm_fb_helper_probe_connector_modes.isra.3+0x45/0x60 [drm_kms_helper]
Jan 03 11:50:28 quatermain kernel:  [<ffffffffa0511271>] ? drm_fb_helper_initial_config+0x51/0x3d0 [drm_kms_helper]
Jan 03 11:50:28 quatermain kernel:  [<ffffffff810949f5>] ? async_run_entry_fn+0x45/0x140
Jan 03 11:50:28 quatermain kernel:  [<ffffffff8108c4ca>] ? process_one_work+0x14a/0x3d0
Jan 03 11:50:28 quatermain kernel:  [<ffffffff8108cf05>] ? worker_thread+0x65/0x460
Jan 03 11:50:28 quatermain kernel:  [<ffffffff8108cea0>] ? rescuer_thread+0x310/0x310
Jan 03 11:50:28 quatermain kernel:  [<ffffffff810921bf>] ? kthread+0xdf/0x100
Jan 03 11:50:28 quatermain kernel:  [<ffffffff810920e0>] ? kthread_park+0x50/0x50
Jan 03 11:50:28 quatermain kernel:  [<ffffffff8158e21f>] ? ret_from_fork+0x3f/0x70
Jan 03 11:50:28 quatermain kernel:  [<ffffffff810920e0>] ? kthread_park+0x50/0x50
Jan 03 11:50:28 quatermain kernel: ---[ end trace 45ea4e53adfd850c ]---
Jan 03 11:50:28 quatermain kernel: [drm:intel_display_power_put [i915]] *ERROR* CSR firmware not ready (2)
Jan 03 11:50:28 quatermain kernel: ------------[ cut here ]------------
Jan 03 11:50:28 quatermain kernel: WARNING: CPU: 1 PID: 543 at drivers/gpu/drm/i915/intel_csr.c:458 assert_csr_loaded+0x94/0xf0 [i915]()
Jan 03 11:50:28 quatermain kernel: CSR is not loaded.
Jan 03 11:50:28 quatermain kernel: Modules linked in: crct10dif_pclmul crc32_pclmul i2c_designware_platform(+) ghash_clmulni_intel(-) i2c_designware_core mwifiex_pcie mwifiex jitterentropy_rng sha256_ssse3 sha256_generic hmac drbg ansi_cprng aesni_intel aes_x86_64 lrw gf128mul glue_helper ablk_helper cryptd i915(+) snd_hda_intel drm_kms_helper snd_hda_codec snd_hda_core drm efi_pstore snd_hwdep snd_pcm snd_timer snd efivars soundcore mei_me i2c_i801 pcspkr i2c_algo_bit shpchp mei intel_lpss_pci evdev soc_button_array battery ac tpm_crb tpm intel_lpss_acpi intel_lpss video mfd_core acpi_pad button processor mwl8k mac80211 cfg80211 rfkill efivarfs autofs4 ext4 crc16 mbcache jbd2 dm_mod hid_multitouch crc32c_intel xhci_pci xhci_hcd usbcore usb_common i2c_hid hid thermal
Jan 03 11:50:28 quatermain kernel: CPU: 1 PID: 543 Comm: kworker/u16:3 Tainted: G        W       4.3.3-mssp4 #6
Jan 03 11:50:28 quatermain kernel: Hardware name: Microsoft Corporation Surface Pro 4/Surface Pro 4, BIOS 103.873.768 11/09/2015
Jan 03 11:50:28 quatermain kernel: Workqueue: events_unbound async_run_entry_fn
Jan 03 11:50:28 quatermain kernel:  0000000000000000 000000005542c4fe ffffffff812e1829 ffff880264b77bf8
Jan 03 11:50:28 quatermain kernel:  ffffffff81074451 ffff880262690000 ffff880264b77c50 0000000000000002
Jan 03 11:50:28 quatermain kernel:  0000000000000001 ffff880264bc3800 ffffffff810744dc ffffffffa061d0bf
Jan 03 11:50:28 quatermain kernel: Call Trace:
Jan 03 11:50:28 quatermain kernel:  [<ffffffff812e1829>] ? dump_stack+0x40/0x57
Jan 03 11:50:28 quatermain kernel:  [<ffffffff81074451>] ? warn_slowpath_common+0x81/0xb0
Jan 03 11:50:28 quatermain kernel:  [<ffffffff810744dc>] ? warn_slowpath_fmt+0x5c/0x80
Jan 03 11:50:28 quatermain kernel:  [<ffffffffa0594ab4>] ? gen9_read32+0xf4/0x2c0 [i915]
Jan 03 11:50:28 quatermain kernel:  [<ffffffffa05503d4>] ? assert_csr_loaded+0x94/0xf0 [i915]
Jan 03 11:50:28 quatermain kernel:  [<ffffffffa055e923>] ? skl_set_power_well+0x773/0x9d0 [i915]
Jan 03 11:50:28 quatermain kernel:  [<ffffffffa055edfc>] ? intel_display_power_get+0x9c/0xe0 [i915]
Jan 03 11:50:28 quatermain kernel:  [<ffffffffa05d729a>] ? intel_dp_detect+0xba/0x500 [i915]
Jan 03 11:50:28 quatermain kernel:  [<ffffffffa0505b5b>] ? drm_helper_probe_single_connector_modes_merge_bits+0x28b/0x4a0 [drm_kms_helper]
Jan 03 11:50:28 quatermain kernel:  [<ffffffffa0510055>] ? drm_fb_helper_probe_connector_modes.isra.3+0x45/0x60 [drm_kms_helper]
Jan 03 11:50:28 quatermain kernel:  [<ffffffffa0511271>] ? drm_fb_helper_initial_config+0x51/0x3d0 [drm_kms_helper]
Jan 03 11:50:28 quatermain kernel:  [<ffffffff810949f5>] ? async_run_entry_fn+0x45/0x140
Jan 03 11:50:28 quatermain kernel:  [<ffffffff8108c4ca>] ? process_one_work+0x14a/0x3d0
Jan 03 11:50:28 quatermain kernel:  [<ffffffff8108cf05>] ? worker_thread+0x65/0x460
Jan 03 11:50:28 quatermain kernel:  [<ffffffff8108cea0>] ? rescuer_thread+0x310/0x310
Jan 03 11:50:28 quatermain kernel:  [<ffffffff810921bf>] ? kthread+0xdf/0x100
Jan 03 11:50:28 quatermain kernel:  [<ffffffff810920e0>] ? kthread_park+0x50/0x50
Jan 03 11:50:28 quatermain kernel:  [<ffffffff8158e21f>] ? ret_from_fork+0x3f/0x70
Jan 03 11:50:28 quatermain kernel:  [<ffffffff810920e0>] ? kthread_park+0x50/0x50
Jan 03 11:50:28 quatermain kernel: ---[ end trace 45ea4e53adfd850d ]---
Jan 03 11:50:28 quatermain kernel: ------------[ cut here ]------------
Jan 03 11:50:28 quatermain kernel: WARNING: CPU: 1 PID: 543 at drivers/gpu/drm/i915/intel_csr.c:461 assert_csr_loaded+0xc8/0xf0 [i915]()
Jan 03 11:50:28 quatermain kernel: CSR SSP Base Not fine
Jan 03 11:50:28 quatermain kernel: Modules linked in: crct10dif_pclmul crc32_pclmul i2c_designware_platform(+) ghash_clmulni_intel(-) i2c_designware_core mwifiex_pcie mwifiex jitterentropy_rng sha256_ssse3 sha256_generic hmac drbg ansi_cprng aesni_intel aes_x86_64 lrw gf128mul glue_helper ablk_helper cryptd i915(+) snd_hda_intel drm_kms_helper snd_hda_codec snd_hda_core drm efi_pstore snd_hwdep snd_pcm snd_timer snd efivars soundcore mei_me i2c_i801 pcspkr i2c_algo_bit shpchp mei intel_lpss_pci evdev soc_button_array battery ac tpm_crb tpm intel_lpss_acpi intel_lpss video mfd_core acpi_pad button processor mwl8k mac80211 cfg80211 rfkill efivarfs autofs4 ext4 crc16 mbcache jbd2 dm_mod hid_multitouch crc32c_intel xhci_pci xhci_hcd usbcore usb_common i2c_hid hid thermal
Jan 03 11:50:28 quatermain kernel: CPU: 1 PID: 543 Comm: kworker/u16:3 Tainted: G        W       4.3.3-mssp4 #6
Jan 03 11:50:28 quatermain kernel: Hardware name: Microsoft Corporation Surface Pro 4/Surface Pro 4, BIOS 103.873.768 11/09/2015
Jan 03 11:50:28 quatermain kernel: Workqueue: events_unbound async_run_entry_fn
Jan 03 11:50:28 quatermain kernel:  0000000000000000 000000005542c4fe ffffffff812e1829 ffff880264b77bf8
Jan 03 11:50:28 quatermain kernel:  ffffffff81074451 ffff880262690000 ffff880264b77c50 0000000000000002
Jan 03 11:50:28 quatermain kernel:  0000000000000001 ffff880264bc3800 ffffffff810744dc ffffffffa061d0d3
Jan 03 11:50:28 quatermain kernel: Call Trace:
Jan 03 11:50:28 quatermain kernel:  [<ffffffff812e1829>] ? dump_stack+0x40/0x57
Jan 03 11:50:28 quatermain kernel:  [<ffffffff81074451>] ? warn_slowpath_common+0x81/0xb0
Jan 03 11:50:28 quatermain kernel:  [<ffffffff810744dc>] ? warn_slowpath_fmt+0x5c/0x80
Jan 03 11:50:28 quatermain kernel:  [<ffffffffa0550408>] ? assert_csr_loaded+0xc8/0xf0 [i915]
Jan 03 11:50:28 quatermain kernel:  [<ffffffffa055e923>] ? skl_set_power_well+0x773/0x9d0 [i915]
Jan 03 11:50:28 quatermain kernel:  [<ffffffffa055edfc>] ? intel_display_power_get+0x9c/0xe0 [i915]
Jan 03 11:50:28 quatermain kernel:  [<ffffffffa05d729a>] ? intel_dp_detect+0xba/0x500 [i915]
Jan 03 11:50:28 quatermain kernel:  [<ffffffffa0505b5b>] ? drm_helper_probe_single_connector_modes_merge_bits+0x28b/0x4a0 [drm_kms_helper]
Jan 03 11:50:28 quatermain kernel:  [<ffffffffa0510055>] ? drm_fb_helper_probe_connector_modes.isra.3+0x45/0x60 [drm_kms_helper]
Jan 03 11:50:28 quatermain kernel:  [<ffffffffa0511271>] ? drm_fb_helper_initial_config+0x51/0x3d0 [drm_kms_helper]
Jan 03 11:50:28 quatermain kernel:  [<ffffffff810949f5>] ? async_run_entry_fn+0x45/0x140
Jan 03 11:50:28 quatermain kernel:  [<ffffffff8108c4ca>] ? process_one_work+0x14a/0x3d0
Jan 03 11:50:28 quatermain kernel:  [<ffffffff8108cf05>] ? worker_thread+0x65/0x460
Jan 03 11:50:28 quatermain kernel:  [<ffffffff8108cea0>] ? rescuer_thread+0x310/0x310
Jan 03 11:50:28 quatermain kernel:  [<ffffffff810921bf>] ? kthread+0xdf/0x100
Jan 03 11:50:28 quatermain kernel:  [<ffffffff810920e0>] ? kthread_park+0x50/0x50
Jan 03 11:50:28 quatermain kernel:  [<ffffffff8158e21f>] ? ret_from_fork+0x3f/0x70
Jan 03 11:50:28 quatermain kernel:  [<ffffffff810920e0>] ? kthread_park+0x50/0x50
